Archive member included to satisfy reference by file (symbol)

C:\Users\shayd\workspace\nucleo-l152re_hal_lib\Debug\libnucleo-l152re_hal_lib.a(stm32l1xx_hal.o)
                              src/stm32l1xx_it.o (HAL_IncTick)
C:\Users\shayd\workspace\nucleo-l152re_hal_lib\Debug\libnucleo-l152re_hal_lib.a(stm32l1xx_hal_cortex.o)
                              C:\Users\shayd\workspace\nucleo-l152re_hal_lib\Debug\libnucleo-l152re_hal_lib.a(stm32l1xx_hal.o) (HAL_NVIC_SetPriorityGrouping)
C:\Users\shayd\workspace\nucleo-l152re_hal_lib\Debug\libnucleo-l152re_hal_lib.a(stm32l1xx_ll_rcc.o)
                              src/i2c.o (LL_RCC_GetSystemClocksFreq)
C:\Users\shayd\workspace\nucleo-l152re_hal_lib\Debug\libnucleo-l152re_hal_lib.a(stm32l1xx_ll_utils.o)
                              src/clock.o (LL_Init1msTick)
c:/ac6/systemworkbench/plugins/fr.ac6.mcu.externaltools.arm-none.win32_1.17.0.201812190825/tools/compiler/bin/../lib/gcc/arm-none-eabi/7.3.1/../../../../arm-none-eabi/lib/thumb/v7-m\libc.a(lib_a-errno.o)
                              src/syscalls.o (__errno)
c:/ac6/systemworkbench/plugins/fr.ac6.mcu.externaltools.arm-none.win32_1.17.0.201812190825/tools/compiler/bin/../lib/gcc/arm-none-eabi/7.3.1/../../../../arm-none-eabi/lib/thumb/v7-m\libc.a(lib_a-exit.o)
                              c:/ac6/systemworkbench/plugins/fr.ac6.mcu.externaltools.arm-none.win32_1.17.0.201812190825/tools/compiler/bin/../lib/gcc/arm-none-eabi/7.3.1/../../../../arm-none-eabi/lib/thumb/v7-m/crt0.o (exit)
c:/ac6/systemworkbench/plugins/fr.ac6.mcu.externaltools.arm-none.win32_1.17.0.201812190825/tools/compiler/bin/../lib/gcc/arm-none-eabi/7.3.1/../../../../arm-none-eabi/lib/thumb/v7-m\libc.a(lib_a-impure.o)
                              c:/ac6/systemworkbench/plugins/fr.ac6.mcu.externaltools.arm-none.win32_1.17.0.201812190825/tools/compiler/bin/../lib/gcc/arm-none-eabi/7.3.1/../../../../arm-none-eabi/lib/thumb/v7-m\libc.a(lib_a-exit.o) (_global_impure_ptr)
c:/ac6/systemworkbench/plugins/fr.ac6.mcu.externaltools.arm-none.win32_1.17.0.201812190825/tools/compiler/bin/../lib/gcc/arm-none-eabi/7.3.1/../../../../arm-none-eabi/lib/thumb/v7-m\libc.a(lib_a-init.o)
                              c:/ac6/systemworkbench/plugins/fr.ac6.mcu.externaltools.arm-none.win32_1.17.0.201812190825/tools/compiler/bin/../lib/gcc/arm-none-eabi/7.3.1/../../../../arm-none-eabi/lib/thumb/v7-m/crt0.o (__libc_init_array)
c:/ac6/systemworkbench/plugins/fr.ac6.mcu.externaltools.arm-none.win32_1.17.0.201812190825/tools/compiler/bin/../lib/gcc/arm-none-eabi/7.3.1/../../../../arm-none-eabi/lib/thumb/v7-m\libc.a(lib_a-memset.o)
                              c:/ac6/systemworkbench/plugins/fr.ac6.mcu.externaltools.arm-none.win32_1.17.0.201812190825/tools/compiler/bin/../lib/gcc/arm-none-eabi/7.3.1/../../../../arm-none-eabi/lib/thumb/v7-m/crt0.o (memset)
c:/ac6/systemworkbench/plugins/fr.ac6.mcu.externaltools.arm-none.win32_1.17.0.201812190825/tools/compiler/bin/../lib/gcc/arm-none-eabi/7.3.1/../../../../arm-none-eabi/lib/thumb/v7-m\libc.a(lib_a-rand.o)
                              src/game.o (rand)
c:/ac6/systemworkbench/plugins/fr.ac6.mcu.externaltools.arm-none.win32_1.17.0.201812190825/tools/compiler/bin/../lib/gcc/arm-none-eabi/7.3.1/../../../../arm-none-eabi/lib/thumb/v7-m\libc.a(lib_a-strlen-stub.o)
                              src/eprintf.o (strlen)
c:/ac6/systemworkbench/plugins/fr.ac6.mcu.externaltools.arm-none.win32_1.17.0.201812190825/tools/compiler/bin/../lib/gcc/arm-none-eabi/7.3.1/../../../../arm-none-eabi/lib/thumb/v7-m\libc.a(lib_a-__call_atexit.o)
                              c:/ac6/systemworkbench/plugins/fr.ac6.mcu.externaltools.arm-none.win32_1.17.0.201812190825/tools/compiler/bin/../lib/gcc/arm-none-eabi/7.3.1/../../../../arm-none-eabi/lib/thumb/v7-m\libc.a(lib_a-exit.o) (__call_exitprocs)
c:/ac6/systemworkbench/plugins/fr.ac6.mcu.externaltools.arm-none.win32_1.17.0.201812190825/tools/compiler/bin/../lib/gcc/arm-none-eabi/7.3.1/../../../../arm-none-eabi/lib/thumb/v7-m\libc.a(lib_a-atexit.o)
                              c:/ac6/systemworkbench/plugins/fr.ac6.mcu.externaltools.arm-none.win32_1.17.0.201812190825/tools/compiler/bin/../lib/gcc/arm-none-eabi/7.3.1/../../../../arm-none-eabi/lib/thumb/v7-m\libc.a(lib_a-__call_atexit.o) (atexit)
c:/ac6/systemworkbench/plugins/fr.ac6.mcu.externaltools.arm-none.win32_1.17.0.201812190825/tools/compiler/bin/../lib/gcc/arm-none-eabi/7.3.1/../../../../arm-none-eabi/lib/thumb/v7-m\libc.a(lib_a-fini.o)
                              c:/ac6/systemworkbench/plugins/fr.ac6.mcu.externaltools.arm-none.win32_1.17.0.201812190825/tools/compiler/bin/../lib/gcc/arm-none-eabi/7.3.1/../../../../arm-none-eabi/lib/thumb/v7-m\libc.a(lib_a-__call_atexit.o) (__libc_fini_array)
c:/ac6/systemworkbench/plugins/fr.ac6.mcu.externaltools.arm-none.win32_1.17.0.201812190825/tools/compiler/bin/../lib/gcc/arm-none-eabi/7.3.1/../../../../arm-none-eabi/lib/thumb/v7-m\libc.a(lib_a-lock.o)
[...]
Memory Configuration

Name             Origin             Length             Attributes
FLASH            0x08000000         0x00080000         xr
RAM              0x20000000         0x00014000         xrw
MEMORY_B1        0x60000000         0x00000000         xr
*default*        0x00000000         0xffffffff

Linker script and memory map

LOAD c:/ac6/systemworkbench/plugins/fr.ac6.mcu.externaltools.arm-none.win32_1.17.0.201812190825/tools/compiler/bin/../lib/gcc/arm-none-eabi/7.3.1/thumb/v7-m/crti.o
LOAD c:/ac6/systemworkbench/plugins/fr.ac6.mcu.externaltools.arm-none.win32_1.17.0.201812190825/tools/compiler/bin/../lib/gcc/arm-none-eabi/7.3.1/thumb/v7-m/crtbegin.o
LOAD c:/ac6/systemworkbench/plugins/fr.ac6.mcu.externaltools.arm-none.win32_1.17.0.201812190825/tools/compiler/bin/../lib/gcc/arm-none-eabi/7.3.1/../../../../arm-none-eabi/lib/thumb/v7-m/crt0.o
LOAD src/accel.o
LOAD src/adc.o
LOAD src/clock.o
LOAD src/eprintf.o
LOAD src/game.o
LOAD src/gpio.o
LOAD src/i2c.o
LOAD src/lcd.o
LOAD src/main.o
LOAD src/nav.o
LOAD src/rgb.o
LOAD src/stm32l1xx_it.o
LOAD src/syscalls.o
LOAD src/system_stm32l1xx.o
LOAD src/uart.o
LOAD startup/startup_stm32l152xe.o
LOAD C:\Users\shayd\workspace\nucleo-l152re_hal_lib\Debug\libnucleo-l152re_hal_lib.a
LOAD c:/ac6/systemworkbench/plugins/fr.ac6.mcu.externaltools.arm-none.win32_1.17.0.201812190825/tools/compiler/bin/../lib/gcc/arm-none-eabi/7.3.1/../../../../arm-none-eabi/lib/thumb/v7-m\libm.a
START GROUP
LOAD c:/ac6/systemworkbench/plugins/fr.ac6.mcu.externaltools.arm-none.win32_1.17.0.201812190825/tools/compiler/bin/../lib/gcc/arm-none-eabi/7.3.1/thumb/v7-m\libgcc.a
LOAD c:/ac6/systemworkbench/plugins/fr.ac6.mcu.externaltools.arm-none.win32_1.17.0.201812190825/tools/compiler/bin/../lib/gcc/arm-none-eabi/7.3.1/../../../../arm-none-eabi/lib/thumb/v7-m\libc.a
END GROUP
LOAD c:/ac6/systemworkbench/plugins/fr.ac6.mcu.externaltools.arm-none.win32_1.17.0.201812190825/tools/compiler/bin/../lib/gcc/arm-none-eabi/7.3.1/thumb/v7-m/crtend.o
LOAD c:/ac6/systemworkbench/plugins/fr.ac6.mcu.externaltools.arm-none.win32_1.17.0.201812190825/tools/compiler/bin/../lib/gcc/arm-none-eabi/7.3.1/thumb/v7-m/crtn.o
                0x20014000                _estack = 0x20014000
                0x00000200                _Min_Heap_Size = 0x200
                0x00000400                _Min_Stack_Size = 0x400

.isr_vector     0x08000000      0x13c
                0x08000000                . = ALIGN (0x4)
 *(.isr_vector)
 .isr_vector    0x08000000      0x13c startup/startup_stm32l152xe.o
                0x08000000                g_pfnVectors
                0x0800013c                . = ALIGN (0x4)

.text           0x0800013c     0x3460
                0x0800013c                . = ALIGN (0x4)
 *(.text)
 .text          0x0800013c       0x40 c:/ac6/systemworkbench/plugins/fr.ac6.mcu.externaltools.arm-none.win32_1.17.0.201812190825/tools/compiler/bin/../lib/gcc/arm-none-eabi/7.3.1/thumb/v7-m/crtbegin.o
 *(.text*)
 .text.AccelInit
                0x0800017c       0x5e src/accel.o
                0x0800017c                AccelInit
 *fill*         0x080001da        0x2 
 .text.AccelClock
                0x080001dc      0x158 src/accel.o
                0x080001dc                AccelClock
 .text.AccelIsTiltedUp
                0x08000334       0x14 src/accel.o
                0x08000334                AccelIsTiltedUp
 .text.AccelClearIsTiltedUp
                0x08000348       0x18 src/accel.o
                0x08000348                AccelClearIsTiltedUp
 .text.AccelIsTiltedDown
                0x08000360       0x14 src/accel.o
                0x08000360                AccelIsTiltedDown
 .text.AccelClearIsTiltedDown
                0x08000374       0x18 src/accel.o
                0x08000374                AccelClearIsTiltedDown
 .text.AccelIsTiltedLeft
                0x0800038c       0x14 src/accel.o
                0x0800038c                AccelIsTiltedLeft
 .text.AccelClearIsTiltedLeft
                0x080003a0       0x18 src/accel.o
                0x080003a0                AccelClearIsTiltedLeft
 .text.AccelIsTiltedRight
                0x080003b8       0x14 src/accel.o
                0x080003b8                AccelIsTiltedRight
 .text.AccelClearIsTiltedRight
                0x080003cc       0x18 src/accel.o
                0x080003cc                AccelClearIsTiltedRight
 .text.AccelIsShaken
                0x080003e4       0x14 src/accel.o
                0x080003e4                AccelIsShaken
 .text.AccelClearIsShaken
                0x080003f8       0x18 src/accel.o
                0x080003f8                AccelClearIsShaken
 .text.AccelSample
                0x08000410       0xc4 src/accel.o
 .text.LL_ADC_REG_SetTriggerSource
                0x080004d4       0x28 src/adc.o
 .text.LL_ADC_REG_SetSequencerLength
                0x080004fc       0x24 src/adc.o
 .text.LL_ADC_REG_SetSequencerRanks
                0x08000520       0x66 src/adc.o
 .text.LL_ADC_REG_SetContinuousMode
                0x08000586       0x24 src/adc.o
 .text.LL_ADC_REG_SetFlagEndOfConversion
                0x080005aa       0x24 src/adc.o
 .text.LL_ADC_Enable
                0x080005ce       0x1e src/adc.o
 .text.LL_ADC_Disable
                0x080005ec       0x1e src/adc.o
 .text.LL_ADC_REG_StartConversionSWStart
                0x0800060a       0x1e src/adc.o
 .text.LL_ADC_REG_ReadConversionData12
                0x08000628       0x18 src/adc.o
 .text.LL_ADC_IsActiveFlag_ADRDY
                0x08000640       0x24 src/adc.o
 .text.LL_ADC_IsActiveFlag_EOCS
                0x08000664       0x24 src/adc.o
 .text.LL_AHB1_GRP1_EnableClock
                0x08000688       0x30 src/adc.o
 .text.LL_APB2_GRP1_EnableClock
                0x080006b8       0x30 src/adc.o
 .text.LL_GPIO_SetPinMode
                0x080006e8       0x58 src/adc.o
 .text.AdcInit  0x08000740       0x54 src/adc.o
                0x08000740                AdcInit
 .text.AdcClock
                0x08000794       0xe8 src/adc.o
                0x08000794                AdcClock
 .text.AdcIsTwistedLeft
                0x0800087c       0x14 src/adc.o
                0x0800087c                AdcIsTwistedLeft
 .text.AdcClearIsTwistedLeft
                0x08000890       0x30 src/adc.o
                0x08000890                AdcClearIsTwistedLeft
 .text.AdcIsTwistedRight
                0x080008c0       0x14 src/adc.o
                0x080008c0                AdcIsTwistedRight
 .text.AdcClearIsTwistedRight
                0x080008d4       0x30 src/adc.o
                0x080008d4                AdcClearIsTwistedRight
 .text.KnobAngle
                0x08000904       0x78 src/adc.o
 .text.LL_APB1_GRP1_EnableClock
                0x0800097c       0x30 src/clock.o
 .text.LL_RCC_HSI_Enable
                0x080009ac       0x1c src/clock.o
 .text.LL_RCC_HSI_IsReady
                0x080009c8       0x24 src/clock.o
 .text.LL_RCC_SetSysClkSource
                0x080009ec       0x28 src/clock.o
 .text.LL_RCC_GetSysClkSource
                0x08000a14       0x18 src/clock.o
 .text.LL_RCC_SetAHBPrescaler
                0x08000a2c       0x28 src/clock.o
 .text.LL_RCC_SetAPB1Prescaler
                0x08000a54       0x28 src/clock.o
 .text.LL_RCC_SetAPB2Prescaler
                0x08000a7c       0x28 src/clock.o
 .text.LL_RCC_PLL_Enable
                0x08000aa4       0x1c src/clock.o
 .text.LL_RCC_PLL_IsReady
                0x08000ac0       0x24 src/clock.o
 .text.LL_RCC_PLL_ConfigDomain_SYS
                0x08000ae4       0x34 src/clock.o
 .text.LL_FLASH_SetLatency
                0x08000b18       0x28 src/clock.o
 .text.LL_FLASH_Enable64bitAccess
                0x08000b40       0x1c src/clock.o
 .text.LL_PWR_SetRegulVoltageScaling
                0x08000b5c       0x28 src/clock.o
 .text.LL_PWR_IsActiveFlag_VOS
                0x08000b84       0x24 src/clock.o
 .text.ClockInit
                0x08000ba8       0x9c src/clock.o
                0x08000ba8                ClockInit
 .text.ClockWaitForTick
                0x08000c44       0x24 src/clock.o
                0x08000c44                ClockWaitForTick
 .text.GameClock
                0x08000c68      0x248 src/game.o
                0x08000c68                GameClock
 .text.GenerateRandomAction
                0x08000eb0       0x74 src/game.o
 .text.ReadActions
                0x08000f24       0xe8 src/game.o
 .text.ClearActions
                0x0800100c       0x38 src/game.o
 .text.LL_AHB1_GRP1_EnableClock
                0x08001044       0x30 src/gpio.o
 .text.LL_GPIO_SetPinMode
                0x08001074       0x58 src/gpio.o
 .text.LL_GPIO_SetOutputPin
                0x080010cc       0x1a src/gpio.o
 .text.LL_GPIO_ResetOutputPin
                0x080010e6       0x1a src/gpio.o
 .text.GpioInit
                0x08001100       0x84 src/gpio.o
                0x08001100                GpioInit
 .text.LL_AHB1_GRP1_EnableClock
                0x08001184       0x30 src/i2c.o
 .text.LL_APB1_GRP1_EnableClock
                0x080011b4       0x30 src/i2c.o
 .text.LL_GPIO_SetPinMode
                0x080011e4       0x58 src/i2c.o
 .text.LL_GPIO_SetPinOutputType
                0x0800123c       0x2e src/i2c.o
 .text.LL_GPIO_SetPinSpeed
                0x0800126a       0x58 src/i2c.o
 .text.LL_GPIO_SetPinPull
                0x080012c2       0x58 src/i2c.o
 .text.LL_GPIO_SetAFPin_8_15
                0x0800131a       0x5c src/i2c.o
 .text.LL_I2C_Enable
                0x08001376       0x1e src/i2c.o
 .text.LL_I2C_Disable
                0x08001394       0x1e src/i2c.o
 *fill*         0x080013b2        0x2 
 .text.LL_I2C_ConfigSpeed
                0x080013b4      0x120 src/i2c.o
 .text.LL_I2C_IsActiveFlag_TXE
                0x080014d4       0x24 src/i2c.o
 .text.LL_I2C_IsActiveFlag_RXNE
                0x080014f8       0x24 src/i2c.o
 .text.LL_I2C_IsActiveFlag_SB
                0x0800151c       0x24 src/i2c.o
 .text.LL_I2C_IsActiveFlag_ADDR
                0x08001540       0x24 src/i2c.o
 .text.LL_I2C_ClearFlag_ADDR
                0x08001564       0x22 src/i2c.o
 .text.LL_I2C_AcknowledgeNextData
                0x08001586       0x24 src/i2c.o
 .text.LL_I2C_GenerateStartCondition
                0x080015aa       0x1e src/i2c.o
 .text.LL_I2C_GenerateStopCondition
                0x080015c8       0x1e src/i2c.o
 .text.LL_I2C_ReceiveData8
                0x080015e6       0x18 src/i2c.o
 .text.LL_I2C_TransmitData8
                0x080015fe       0x26 src/i2c.o
 .text.I2cInit  0x08001624       0xc0 src/i2c.o
                0x08001624                I2cInit
 .text.I2cWrite
                0x080016e4       0xa4 src/i2c.o
                0x080016e4                I2cWrite
 .text.I2cRead  0x08001788       0xec src/i2c.o
                0x08001788                I2cRead
 .text.LL_AHB1_GRP1_EnableClock
                0x08001874       0x30 src/lcd.o
 .text.LL_GPIO_SetPinMode
                0x080018a4       0x58 src/lcd.o
 .text.LL_GPIO_SetOutputPin
                0x080018fc       0x1a src/lcd.o
 .text.LL_GPIO_ResetOutputPin
                0x08001916       0x1a src/lcd.o
 .text.LcdInit  0x08001930      0x12c src/lcd.o
                0x08001930                LcdInit
 .text.LcdPrintf
                0x08001a5c      0x450 src/lcd.o
                0x08001a5c                LcdPrintf
 .text.LeftFill
                0x08001eac       0xd4 src/lcd.o
 .text.RightFill
                0x08001f80       0x64 src/lcd.o
 .text.CharWrite
                0x08001fe4       0x40 src/lcd.o
 .text.CmdWrite
                0x08002024       0x74 src/lcd.o
 .text.DataWrite
                0x08002098       0x74 src/lcd.o
 .text.LL_GPIO_SetOutputPin
                0x0800210c       0x1a src/main.o
 .text.LL_GPIO_ResetOutputPin
                0x08002126       0x1a src/main.o
 .text.main     0x08002140       0x54 src/main.o
                0x08002140                main
 .text.LL_AHB1_GRP1_EnableClock
                0x08002194       0x30 src/nav.o
 .text.LL_GPIO_SetPinMode
                0x080021c4       0x58 src/nav.o
 .text.LL_GPIO_IsInputPinSet
                0x0800221c       0x28 src/nav.o
 .text.NavInit  0x08002244       0x58 src/nav.o
                0x08002244                NavInit
 .text.NavClock
                0x0800229c      0x328 src/nav.o
                0x0800229c                NavClock
 .text.NavUpIsPressed
                0x080025c4       0x14 src/nav.o
                0x080025c4                NavUpIsPressed
 .text.NavClearUpIsPressed
                0x080025d8       0x18 src/nav.o
                0x080025d8                NavClearUpIsPressed
 .text.NavDownIsPressed
                0x080025f0       0x14 src/nav.o
                0x080025f0                NavDownIsPressed
 .text.NavClearDownIsPressed
                0x08002604       0x18 src/nav.o
                0x08002604                NavClearDownIsPressed
 .text.NavLeftIsPressed
                0x0800261c       0x14 src/nav.o
                0x0800261c                NavLeftIsPressed
 .text.NavClearLeftIsPressed
                0x08002630       0x18 src/nav.o
                0x08002630                NavClearLeftIsPressed
 .text.NavRightIsPressed
                0x08002648       0x14 src/nav.o
                0x08002648                NavRightIsPressed
 .text.NavClearRightIsPressed
                0x0800265c       0x18 src/nav.o
                0x0800265c                NavClearRightIsPressed
 .text.NavSelectIsPressed
                0x08002674       0x14 src/nav.o
                0x08002674                NavSelectIsPressed
 .text.NavClearSelectIsPressed
                0x08002688       0x18 src/nav.o
                0x08002688                NavClearSelectIsPressed
 .text.LL_GPIO_SetOutputPin
                0x080026a0       0x1a src/rgb.o
 .text.LL_GPIO_ResetOutputPin
                0x080026ba       0x1a src/rgb.o
 .text.RgbClock
                0x080026d4      0x18c src/rgb.o
                0x080026d4                RgbClock
 .text.SysTick_Handler
                0x08002860       0x10 src/stm32l1xx_it.o
                0x08002860                SysTick_Handler
 .text.SystemInit
                0x08002870       0x68 src/system_stm32l1xx.o
                0x08002870                SystemInit
 .text.NVIC_EnableIRQ
                0x080028d8       0x30 src/uart.o
 .text.NVIC_SetPriority
                0x08002908       0x54 src/uart.o
 .text.LL_AHB1_GRP1_EnableClock
                0x0800295c       0x30 src/uart.o
 .text.LL_APB1_GRP1_EnableClock
                0x0800298c       0x30 src/uart.o
 .text.LL_GPIO_SetPinMode
                0x080029bc       0x58 src/uart.o
 .text.LL_GPIO_SetPinOutputType
                0x08002a14       0x2e src/uart.o
 .text.LL_GPIO_SetPinSpeed
                0x08002a42       0x58 src/uart.o
 .text.LL_GPIO_SetPinPull
                0x08002a9a       0x58 src/uart.o
 .text.LL_GPIO_SetAFPin_0_7
                0x08002af2       0x58 src/uart.o
 .text.LL_USART_Enable
                0x08002b4a       0x1e src/uart.o
 .text.LL_USART_SetTransferDirection
                0x08002b68       0x24 src/uart.o
 .text.LL_USART_ConfigCharacter
                0x08002b8c       0x3c src/uart.o
 .text.LL_USART_SetBaudRate
                0x08002bc8      0x16c src/uart.o
 .text.LL_USART_IsActiveFlag_RXNE
                0x08002d34       0x24 src/uart.o
 .text.LL_USART_IsActiveFlag_TXE
                0x08002d58       0x24 src/uart.o
 .text.LL_USART_EnableIT_RXNE
                0x08002d7c       0x1e src/uart.o
 .text.LL_USART_DisableIT_TXE
                0x08002d9a       0x1e src/uart.o
 .text.LL_USART_ReceiveData8
                0x08002db8       0x18 src/uart.o
 .text.LL_USART_TransmitData8
                0x08002dd0       0x1c src/uart.o
 .text.UartInit
                0x08002dec       0xec src/uart.o
                0x08002dec                UartInit
 .text.USART2_IRQHandler
                0x08002ed8       0xd4 src/uart.o
                0x08002ed8                USART2_IRQHandler
 .text.Reset_Handler
                0x08002fac       0x48 startup/startup_stm32l152xe.o
                0x08002fac                Reset_Handler
 .text.Default_Handler
                0x08002ff4        0x2 startup/startup_stm32l152xe.o
                0x08002ff4                RTC_Alarm_IRQHandler
                0x08002ff4                EXTI2_IRQHandler
                0x08002ff4                COMP_ACQ_IRQHandler
                0x08002ff4                DebugMon_Handler
                0x08002ff4                HardFault_Handler
                0x08002ff4                TIM10_IRQHandler
                0x08002ff4                USB_HP_IRQHandler
                0x08002ff4                TIM6_IRQHandler
                0x08002ff4                PVD_IRQHandler
                0x08002ff4                PendSV_Handler
                0x08002ff4                NMI_Handler
                0x08002ff4                EXTI3_IRQHandler
                0x08002ff4                EXTI0_IRQHandler
                0x08002ff4                I2C2_EV_IRQHandler
                0x08002ff4                UsageFault_Handler
                0x08002ff4                SPI1_IRQHandler
                0x08002ff4                USB_FS_WKUP_IRQHandler
                0x08002ff4                DMA2_Channel2_IRQHandler
                0x08002ff4                DMA1_Channel4_IRQHandler
                0x08002ff4                ADC1_IRQHandler
                0x08002ff4                USART3_IRQHandler
                0x08002ff4                DMA1_Channel7_IRQHandler
                0x08002ff4                LCD_IRQHandler
                0x08002ff4                UART5_IRQHandler
                0x08002ff4                TIM4_IRQHandler
                0x08002ff4                DMA2_Channel1_IRQHandler
                0x08002ff4                I2C1_EV_IRQHandler
                0x08002ff4                DMA1_Channel6_IRQHandler
                0x08002ff4                UART4_IRQHandler
                0x08002ff4                DMA2_Channel4_IRQHandler
                0x08002ff4                TIM3_IRQHandler
                0x08002ff4                RCC_IRQHandler
                0x08002ff4                DMA1_Channel1_IRQHandler
                0x08002ff4                Default_Handler
                0x08002ff4                EXTI15_10_IRQHandler
                0x08002ff4                TIM7_IRQHandler
                0x08002ff4                TIM5_IRQHandler
                0x08002ff4                EXTI9_5_IRQHandler
                0x08002ff4                TIM9_IRQHandler
                0x08002ff4                TAMPER_STAMP_IRQHandler
                0x08002ff4                RTC_WKUP_IRQHandler
                0x08002ff4                SPI2_IRQHandler
                0x08002ff4                MemManage_Handler
                0x08002ff4                SVC_Handler
                0x08002ff4                DMA2_Channel5_IRQHandler
                0x08002ff4                DMA1_Channel5_IRQHandler
                0x08002ff4                USB_LP_IRQHandler
                0x08002ff4                EXTI4_IRQHandler
                0x08002ff4                DMA1_Channel3_IRQHandler
                0x08002ff4                COMP_IRQHandler
                0x08002ff4                WWDG_IRQHandler
                0x08002ff4                TIM2_IRQHandler
                0x08002ff4                DAC_IRQHandler
                0x08002ff4                EXTI1_IRQHandler
                0x08002ff4                TIM11_IRQHandler
                0x08002ff4                I2C2_ER_IRQHandler
                0x08002ff4                DMA1_Channel2_IRQHandler
                0x08002ff4                FLASH_IRQHandler
                0x08002ff4                BusFault_Handler
                0x08002ff4                USART1_IRQHandler
                0x08002ff4                SPI3_IRQHandler
                0x08002ff4                I2C1_ER_IRQHandler
                0x08002ff4                DMA2_Channel3_IRQHandler
 *fill*         0x08002ff6        0x2 
 .text.HAL_IncTick
                0x08002ff8       0x1c C:\Users\shayd\workspace\nucleo-l152re_hal_lib\Debug\libnucleo-l152re_hal_lib.a(stm32l1xx_hal.o)
                0x08002ff8                HAL_IncTick
 .text.HAL_SYSTICK_IRQHandler
                0x08003014        0xc C:\Users\shayd\workspace\nucleo-l152re_hal_lib\Debug\libnucleo-l152re_hal_lib.a(stm32l1xx_hal_cortex.o)
                0x08003014                HAL_SYSTICK_IRQHandler
 .text.HAL_SYSTICK_Callback
                0x08003020        0xc C:\Users\shayd\workspace\nucleo-l152re_hal_lib\Debug\libnucleo-l152re_hal_lib.a(stm32l1xx_hal_cortex.o)
                0x08003020                HAL_SYSTICK_Callback
 .text.LL_RCC_MSI_GetRange
                0x0800302c       0x18 C:\Users\shayd\workspace\nucleo-l152re_hal_lib\Debug\libnucleo-l152re_hal_lib.a(stm32l1xx_ll_rcc.o)
 .text.LL_RCC_GetSysClkSource
                0x08003044       0x18 C:\Users\shayd\workspace\nucleo-l152re_hal_lib\Debug\libnucleo-l152re_hal_lib.a(stm32l1xx_ll_rcc.o)
 .text.LL_RCC_GetAHBPrescaler
                0x0800305c       0x18 C:\Users\shayd\workspace\nucleo-l152re_hal_lib\Debug\libnucleo-l152re_hal_lib.a(stm32l1xx_ll_rcc.o)
 .text.LL_RCC_GetAPB1Prescaler
                0x08003074       0x18 C:\Users\shayd\workspace\nucleo-l152re_hal_lib\Debug\libnucleo-l152re_hal_lib.a(stm32l1xx_ll_rcc.o)
 .text.LL_RCC_GetAPB2Prescaler
                0x0800308c       0x18 C:\Users\shayd\workspace\nucleo-l152re_hal_lib\Debug\libnucleo-l152re_hal_lib.a(stm32l1xx_ll_rcc.o)
 .text.LL_RCC_PLL_GetMainSource
                0x080030a4       0x18 C:\Users\shayd\workspace\nucleo-l152re_hal_lib\Debug\libnucleo-l152re_hal_lib.a(stm32l1xx_ll_rcc.o)
 .text.LL_RCC_PLL_GetMultiplicator
                0x080030bc       0x18 C:\Users\shayd\workspace\nucleo-l152re_hal_lib\Debug\libnucleo-l152re_hal_lib.a(stm32l1xx_ll_rcc.o)
 .text.LL_RCC_PLL_GetDivider
                0x080030d4       0x18 C:\Users\shayd\workspace\nucleo-l152re_hal_lib\Debug\libnucleo-l152re_hal_lib.a(stm32l1xx_ll_rcc.o)
 .text.LL_RCC_GetSystemClocksFreq
                0x080030ec       0x4a C:\Users\shayd\workspace\nucleo-l152re_hal_lib\Debug\libnucleo-l152re_hal_lib.a(stm32l1xx_ll_rcc.o)
                0x080030ec                LL_RCC_GetSystemClocksFreq
 *fill*         0x08003136        0x2 
 .text.RCC_GetSystemClockFreq
                0x08003138       0xd0 C:\Users\shayd\workspace\nucleo-l152re_hal_lib\Debug\libnucleo-l152re_hal_lib.a(stm32l1xx_ll_rcc.o)
                0x08003138                RCC_GetSystemClockFreq
 .text.RCC_GetHCLKClockFreq
                0x08003208       0x2c C:\Users\shayd\workspace\nucleo-l152re_hal_lib\Debug\libnucleo-l152re_hal_lib.a(stm32l1xx_ll_rcc.o)
                0x08003208                RCC_GetHCLKClockFreq
 .text.RCC_GetPCLK1ClockFreq
                0x08003234       0x28 C:\Users\shayd\workspace\nucleo-l152re_hal_lib\Debug\libnucleo-l152re_hal_lib.a(stm32l1xx_ll_rcc.o)
                0x08003234                RCC_GetPCLK1ClockFreq
 .text.RCC_GetPCLK2ClockFreq
                0x0800325c       0x28 C:\Users\shayd\workspace\nucleo-l152re_hal_lib\Debug\libnucleo-l152re_hal_lib.a(stm32l1xx_ll_rcc.o)
                0x0800325c                RCC_GetPCLK2ClockFreq
 .text.RCC_PLL_GetFreqDomain_SYS
                0x08003284       0x98 C:\Users\shayd\workspace\nucleo-l152re_hal_lib\Debug\libnucleo-l152re_hal_lib.a(stm32l1xx_ll_rcc.o)
                0x08003284                RCC_PLL_GetFreqDomain_SYS
 .text.LL_InitTick
                0x0800331c       0x34 C:\Users\shayd\workspace\nucleo-l152re_hal_lib\Debug\libnucleo-l152re_hal_lib.a(stm32l1xx_ll_utils.o)
 .text.LL_Init1msTick
                0x08003350       0x1a C:\Users\shayd\workspace\nucleo-l152re_hal_lib\Debug\libnucleo-l152re_hal_lib.a(stm32l1xx_ll_utils.o)
                0x08003350                LL_Init1msTick
 *fill*         0x0800336a        0x2 
 .text.LL_SetSystemCoreClock
                0x0800336c       0x1c C:\Users\shayd\workspace\nucleo-l152re_hal_lib\Debug\libnucleo-l152re_hal_lib.a(stm32l1xx_ll_utils.o)
                0x0800336c                LL_SetSystemCoreClock
 .text.__libc_init_array
                0x08003388       0x48 c:/ac6/systemworkbench/plugins/fr.ac6.mcu.externaltools.arm-none.win32_1.17.0.201812190825/tools/compiler/bin/../lib/gcc/arm-none-eabi/7.3.1/../../../../arm-none-eabi/lib/thumb/v7-m\libc.a(lib_a-init.o)
                0x08003388                __libc_init_array
 .text.rand     0x080033d0       0x3c c:/ac6/systemworkbench/plugins/fr.ac6.mcu.externaltools.arm-none.win32_1.17.0.201812190825/tools/compiler/bin/../lib/gcc/arm-none-eabi/7.3.1/../../../../arm-none-eabi/lib/thumb/v7-m\libc.a(lib_a-rand.o)
                0x080033d0                rand
 .text.strlen   0x0800340c       0x5c c:/ac6/systemworkbench/plugins/fr.ac6.mcu.externaltools.arm-none.win32_1.17.0.201812190825/tools/compiler/bin/../lib/gcc/arm-none-eabi/7.3.1/../../../../arm-none-eabi/lib/thumb/v7-m\libc.a(lib_a-strlen-stub.o)
                0x0800340c                strlen
 .text.startup.register_fini
                0x08003468       0x14 c:/ac6/systemworkbench/plugins/fr.ac6.mcu.externaltools.arm-none.win32_1.17.0.201812190825/tools/compiler/bin/../lib/gcc/arm-none-eabi/7.3.1/../../../../arm-none-eabi/lib/thumb/v7-m\libc.a(lib_a-__call_atexit.o)
 .text.atexit   0x0800347c        0xc c:/ac6/systemworkbench/plugins/fr.ac6.mcu.externaltools.arm-none.win32_1.17.0.201812190825/tools/compiler/bin/../lib/gcc/arm-none-eabi/7.3.1/../../../../arm-none-eabi/lib/thumb/v7-m\libc.a(lib_a-atexit.o)
                0x0800347c                atexit
 .text.__libc_fini_array
                0x08003488       0x34 c:/ac6/systemworkbench/plugins/fr.ac6.mcu.externaltools.arm-none.win32_1.17.0.201812190825/tools/compiler/bin/../lib/gcc/arm-none-eabi/7.3.1/../../../../arm-none-eabi/lib/thumb/v7-m\libc.a(lib_a-fini.o)
                0x08003488                __libc_fini_array
 .text.__retarget_lock_acquire_recursive
                0x080034bc        0x4 c:/ac6/systemworkbench/plugins/fr.ac6.mcu.externaltools.arm-none.win32_1.17.0.201812190825/tools/compiler/bin/../lib/gcc/arm-none-eabi/7.3.1/../../../../arm-none-eabi/lib/thumb/v7-m\libc.a(lib_a-lock.o)
                0x080034bc                __retarget_lock_acquire_recursive
 .text.__retarget_lock_release_recursive
                0x080034c0        0x4 c:/ac6/systemworkbench/plugins/fr.ac6.mcu.externaltools.arm-none.win32_1.17.0.201812190825/tools/compiler/bin/../lib/gcc/arm-none-eabi/7.3.1/../../../../arm-none-eabi/lib/thumb/v7-m\libc.a(lib_a-lock.o)
                0x080034c0                __retarget_lock_release_recursive
 .text.__register_exitproc
                0x080034c4       0xc0 c:/ac6/systemworkbench/plugins/fr.ac6.mcu.externaltools.arm-none.win32_1.17.0.201812190825/tools/compiler/bin/../lib/gcc/arm-none-eabi/7.3.1/../../../../arm-none-eabi/lib/thumb/v7-m\libc.a(lib_a-__atexit.o)
                0x080034c4                __register_exitproc
 *(.glue_7)
 .glue_7        0x08003584        0x0 linker stubs
 *(.glue_7t)
 .glue_7t       0x08003584        0x0 linker stubs
 *(.eh_frame)
 .eh_frame      0x08003584        0x0 c:/ac6/systemworkbench/plugins/fr.ac6.mcu.externaltools.arm-none.win32_1.17.0.201812190825/tools/compiler/bin/../lib/gcc/arm-none-eabi/7.3.1/thumb/v7-m/crtbegin.o
 *(.init)
 .init          0x08003584        0x4 c:/ac6/systemworkbench/plugins/fr.ac6.mcu.externaltools.arm-none.win32_1.17.0.201812190825/tools/compiler/bin/../lib/gcc/arm-none-eabi/7.3.1/thumb/v7-m/crti.o
                0x08003584                _init
 .init          0x08003588        0x8 c:/ac6/systemworkbench/plugins/fr.ac6.mcu.externaltools.arm-none.win32_1.17.0.201812190825/tools/compiler/bin/../lib/gcc/arm-none-eabi/7.3.1/thumb/v7-m/crtn.o
 *(.fini)
 .fini          0x08003590        0x4 c:/ac6/systemworkbench/plugins/fr.ac6.mcu.externaltools.arm-none.win32_1.17.0.201812190825/tools/compiler/bin/../lib/gcc/arm-none-eabi/7.3.1/thumb/v7-m/crti.o
                0x08003590                _fini
 .fini          0x08003594        0x8 c:/ac6/systemworkbench/plugins/fr.ac6.mcu.externaltools.arm-none.win32_1.17.0.201812190825/tools/compiler/bin/../lib/gcc/arm-none-eabi/7.3.1/thumb/v7-m/crtn.o
                0x0800359c                . = ALIGN (0x4)
                0x0800359c                _etext = .

.vfp11_veneer   0x0800359c        0x0
 .vfp11_veneer  0x0800359c        0x0 linker stubs

.v4_bx          0x0800359c        0x0
 .v4_bx         0x0800359c        0x0 linker stubs

.iplt           0x0800359c        0x0
 .iplt          0x0800359c        0x0 c:/ac6/systemworkbench/plugins/fr.ac6.mcu.externaltools.arm-none.win32_1.17.0.201812190825/tools/compiler/bin/../lib/gcc/arm-none-eabi/7.3.1/thumb/v7-m/crtbegin.o

.rodata         0x0800359c      0x7e4
                0x0800359c                . = ALIGN (0x4)
 *(.rodata)
 .rodata        0x0800359c      0x1bb src/game.o
 *fill*         0x08003757        0x1 
 .rodata        0x08003758      0x600 src/lcd.o
 .rodata        0x08003d58       0x24 src/system_stm32l1xx.o
                0x08003d58                PLLMulTable
                0x08003d64                AHBPrescTable
                0x08003d74                APBPrescTable
 *(.rodata*)
 .rodata._global_impure_ptr
                0x08003d7c        0x4 c:/ac6/systemworkbench/plugins/fr.ac6.mcu.externaltools.arm-none.win32_1.17.0.201812190825/tools/compiler/bin/../lib/gcc/arm-none-eabi/7.3.1/../../../../arm-none-eabi/lib/thumb/v7-m\libc.a(lib_a-impure.o)
                0x08003d7c                _global_impure_ptr
                0x08003d80                . = ALIGN (0x4)

.rel.dyn        0x08003d80        0x0
 .rel.iplt      0x08003d80        0x0 c:/ac6/systemworkbench/plugins/fr.ac6.mcu.externaltools.arm-none.win32_1.17.0.201812190825/tools/compiler/bin/../lib/gcc/arm-none-eabi/7.3.1/thumb/v7-m/crtbegin.o

.ARM.extab
 *(.ARM.extab* .gnu.linkonce.armextab.*)

.ARM            0x08003d80        0x0
                0x08003d80                __exidx_start = .
 *(.ARM.exidx*)
                0x08003d80                __exidx_end = .

.preinit_array  0x08003d80        0x0
                0x08003d80                PROVIDE (__preinit_array_start = .)
 *(.preinit_array*)
                0x08003d80                PROVIDE (__preinit_array_end = .)

.init_array     0x08003d80        0x8
                0x08003d80                PROVIDE (__init_array_start = .)
 *(SORT_BY_NAME(.init_array.*))
 .init_array.00000
                0x08003d80        0x4 c:/ac6/systemworkbench/plugins/fr.ac6.mcu.externaltools.arm-none.win32_1.17.0.201812190825/tools/compiler/bin/../lib/gcc/arm-none-eabi/7.3.1/../../../../arm-none-eabi/lib/thumb/v7-m\libc.a(lib_a-__call_atexit.o)
 *(.init_array*)
 .init_array    0x08003d84        0x4 c:/ac6/systemworkbench/plugins/fr.ac6.mcu.externaltools.arm-none.win32_1.17.0.201812190825/tools/compiler/bin/../lib/gcc/arm-none-eabi/7.3.1/thumb/v7-m/crtbegin.o
                0x08003d88                PROVIDE (__init_array_end = .)

.fini_array     0x08003d88        0x4
                0x08003d88                PROVIDE (__fini_array_start = .)
 *(SORT_BY_NAME(.fini_array.*))
 *(.fini_array*)
 .fini_array    0x08003d88        0x4 c:/ac6/systemworkbench/plugins/fr.ac6.mcu.externaltools.arm-none.win32_1.17.0.201812190825/tools/compiler/bin/../lib/gcc/arm-none-eabi/7.3.1/thumb/v7-m/crtbegin.o
                0x08003d8c                PROVIDE (__fini_array_end = .)
                0x08003d8c                _sidata = LOADADDR (.data)

.data           0x20000000      0x4ac load address 0x08003d8c
                0x20000000                . = ALIGN (0x4)
                0x20000000                _sdata = .
 *(.data)
 .data          0x20000000        0x4 src/accel.o
 .data          0x20000004       0x70 src/game.o
 .data          0x20000074        0x4 src/system_stm32l1xx.o
                0x20000074                SystemCoreClock
 *(.data*)
 .data._impure_ptr
                0x20000078        0x4 c:/ac6/systemworkbench/plugins/fr.ac6.mcu.externaltools.arm-none.win32_1.17.0.201812190825/tools/compiler/bin/../lib/gcc/arm-none-eabi/7.3.1/../../../../arm-none-eabi/lib/thumb/v7-m\libc.a(lib_a-impure.o)
                0x20000078                _impure_ptr
 *fill*         0x2000007c        0x4 
 .data.impure_data
                0x20000080      0x428 c:/ac6/systemworkbench/plugins/fr.ac6.mcu.externaltools.arm-none.win32_1.17.0.201812190825/tools/compiler/bin/../lib/gcc/arm-none-eabi/7.3.1/../../../../arm-none-eabi/lib/thumb/v7-m\libc.a(lib_a-impure.o)
 .data.__atexit_recursive_mutex
                0x200004a8        0x4 c:/ac6/systemworkbench/plugins/fr.ac6.mcu.externaltools.arm-none.win32_1.17.0.201812190825/tools/compiler/bin/../lib/gcc/arm-none-eabi/7.3.1/../../../../arm-none-eabi/lib/thumb/v7-m\libc.a(lib_a-__call_atexit.o)
                0x200004a8                __atexit_recursive_mutex
 *(.RamFunc)
                0x200004ac                . = ALIGN (0x4)
                0x200004ac                _edata = .

.igot.plt       0x200004ac        0x0 load address 0x08004238
 .igot.plt      0x200004ac        0x0 c:/ac6/systemworkbench/plugins/fr.ac6.mcu.externaltools.arm-none.win32_1.17.0.201812190825/tools/compiler/bin/../lib/gcc/arm-none-eabi/7.3.1/thumb/v7-m/crtbegin.o
                0x200004ac                . = ALIGN (0x4)

.bss            0x200004ac     0x212c load address 0x08004238
                0x200004ac                _sbss = .
                0x200004ac                __bss_start__ = _sbss
 *(.bss)
 .bss           0x200004ac       0x1c c:/ac6/systemworkbench/plugins/fr.ac6.mcu.externaltools.arm-none.win32_1.17.0.201812190825/tools/compiler/bin/../lib/gcc/arm-none-eabi/7.3.1/thumb/v7-m/crtbegin.o
 .bss           0x200004c8       0x24 src/accel.o
 .bss           0x200004ec       0x18 src/adc.o
 .bss           0x20000504       0x20 src/game.o
 .bss           0x20000524       0x1c src/lcd.o
 .bss           0x20000540       0x3c src/nav.o
 .bss           0x2000057c       0x24 src/rgb.o
 .bss           0x200005a0     0x2010 src/uart.o
 *(.bss*)
 *(COMMON)
 COMMON         0x200025b0        0x4 C:\Users\shayd\workspace\nucleo-l152re_hal_lib\Debug\libnucleo-l152re_hal_lib.a(stm32l1xx_hal.o)
                0x200025b0                uwTick
 COMMON         0x200025b4       0x21 c:/ac6/systemworkbench/plugins/fr.ac6.mcu.externaltools.arm-none.win32_1.17.0.201812190825/tools/compiler/bin/../lib/gcc/arm-none-eabi/7.3.1/../../../../arm-none-eabi/lib/thumb/v7-m\libc.a(lib_a-lock.o)
                0x200025b4                __lock___atexit_recursive_mutex
                0x200025b8                __lock___arc4random_mutex
                0x200025bc                __lock___env_recursive_mutex
                0x200025c0                __lock___sinit_recursive_mutex
                0x200025c4                __lock___malloc_recursive_mutex
                0x200025c8                __lock___at_quick_exit_mutex
                0x200025cc                __lock___dd_hash_mutex
                0x200025d0                __lock___tz_mutex
                0x200025d4                __lock___sfp_recursive_mutex
                0x200025d8                . = ALIGN (0x4)
 *fill*         0x200025d5        0x3 
                0x200025d8                _ebss = .
                0x200025d8                __bss_end__ = _ebss

._user_heap_stack
                0x200025d8      0x600 load address 0x08004238
                0x200025d8                . = ALIGN (0x8)
                0x200025d8                PROVIDE (end = .)
                [!provide]                PROVIDE (_end = .)
                0x200027d8                . = (. + _Min_Heap_Size)
 *fill*         0x200025d8      0x200 
                0x20002bd8                . = (. + _Min_Stack_Size)
 *fill*         0x200027d8      0x400 
                0x20002bd8                . = ALIGN (0x8)

.memory_b1_text
 *(.mb1text)
 *(.mb1text*)
 *(.mb1rodata)
 *(.mb1rodata*)

/DISCARD/
 libc.a(*)
 libm.a(*)
 libgcc.a(*)

.ARM.attributes
                0x00000000       0x29
 *(.ARM.attributes)
 .ARM.attributes
                0x00000000       0x1d c:/ac6/systemworkbench/plugins/fr.ac6.mcu.externaltools.arm-none.win32_1.17.0.201812190825/tools/compiler/bin/../lib/gcc/arm-none-eabi/7.3.1/thumb/v7-m/crti.o
 .ARM.attributes
                0x0000001d       0x2d c:/ac6/systemworkbench/plugins/fr.ac6.mcu.externaltools.arm-none.win32_1.17.0.201812190825/tools/compiler/bin/../lib/gcc/arm-none-eabi/7.3.1/thumb/v7-m/crtbegin.o
 .ARM.attributes
                0x0000004a       0x33 src/accel.o
 .ARM.attributes
                0x0000007d       0x33 src/adc.o
 .ARM.attributes
                0x000000b0       0x33 src/clock.o
 .ARM.attributes
                0x000000e3       0x33 src/game.o
 .ARM.attributes
                0x00000116       0x33 src/gpio.o
 .ARM.attributes
                0x00000149       0x33 src/i2c.o
 .ARM.attributes
                0x0000017c       0x33 src/lcd.o
 .ARM.attributes
                0x000001af       0x33 src/main.o
 .ARM.attributes
                0x000001e2       0x33 src/nav.o
 .ARM.attributes
                0x00000215       0x33 src/rgb.o
 .ARM.attributes
                0x00000248       0x33 src/stm32l1xx_it.o
 .ARM.attributes
                0x0000027b       0x33 src/system_stm32l1xx.o
 .ARM.attributes
                0x000002ae       0x33 src/uart.o
 .ARM.attributes
                0x000002e1       0x21 startup/startup_stm32l152xe.o
 .ARM.attributes
                0x00000302       0x33 C:\Users\shayd\workspace\nucleo-l152re_hal_lib\Debug\libnucleo-l152re_hal_lib.a(stm32l1xx_hal.o)
 .ARM.attributes
                0x00000335       0x33 C:\Users\shayd\workspace\nucleo-l152re_hal_lib\Debug\libnucleo-l152re_hal_lib.a(stm32l1xx_hal_cortex.o)
 .ARM.attributes
                0x00000368       0x33 C:\Users\shayd\workspace\nucleo-l152re_hal_lib\Debug\libnucleo-l152re_hal_lib.a(stm32l1xx_ll_rcc.o)
 .ARM.attributes
                0x0000039b       0x33 C:\Users\shayd\workspace\nucleo-l152re_hal_lib\Debug\libnucleo-l152re_hal_lib.a(stm32l1xx_ll_utils.o)
 .ARM.attributes
                0x000003ce       0x2d c:/ac6/systemworkbench/plugins/fr.ac6.mcu.externaltools.arm-none.win32_1.17.0.201812190825/tools/compiler/bin/../lib/gcc/arm-none-eabi/7.3.1/../../../../arm-none-eabi/lib/thumb/v7-m\libc.a(lib_a-impure.o)
 .ARM.attributes
                0x000003fb       0x2d c:/ac6/systemworkbench/plugins/fr.ac6.mcu.externaltools.arm-none.win32_1.17.0.201812190825/tools/compiler/bin/../lib/gcc/arm-none-eabi/7.3.1/../../../../arm-none-eabi/lib/thumb/v7-m\libc.a(lib_a-init.o)
 .ARM.attributes
                0x00000428       0x2d c:/ac6/systemworkbench/plugins/fr.ac6.mcu.externaltools.arm-none.win32_1.17.0.201812190825/tools/compiler/bin/../lib/gcc/arm-none-eabi/7.3.1/../../../../arm-none-eabi/lib/thumb/v7-m\libc.a(lib_a-rand.o)
 .ARM.attributes
                0x00000455       0x2d c:/ac6/systemworkbench/plugins/fr.ac6.mcu.externaltools.arm-none.win32_1.17.0.201812190825/tools/compiler/bin/../lib/gcc/arm-none-eabi/7.3.1/../../../../arm-none-eabi/lib/thumb/v7-m\libc.a(lib_a-strlen-stub.o)
 .ARM.attributes
                0x00000482       0x2d c:/ac6/systemworkbench/plugins/fr.ac6.mcu.externaltools.arm-none.win32_1.17.0.201812190825/tools/compiler/bin/../lib/gcc/arm-none-eabi/7.3.1/../../../../arm-none-eabi/lib/thumb/v7-m\libc.a(lib_a-__call_atexit.o)
 .ARM.attributes
                0x000004af       0x2d c:/ac6/systemworkbench/plugins/fr.ac6.mcu.externaltools.arm-none.win32_1.17.0.201812190825/tools/compiler/bin/../lib/gcc/arm-none-eabi/7.3.1/../../../../arm-none-eabi/lib/thumb/v7-m\libc.a(lib_a-atexit.o)
 .ARM.attributes
                0x000004dc       0x2d c:/ac6/systemworkbench/plugins/fr.ac6.mcu.externaltools.arm-none.win32_1.17.0.201812190825/tools/compiler/bin/../lib/gcc/arm-none-eabi/7.3.1/../../../../arm-none-eabi/lib/thumb/v7-m\libc.a(lib_a-fini.o)
 .ARM.attributes
                0x00000509       0x2d c:/ac6/systemworkbench/plugins/fr.ac6.mcu.externaltools.arm-none.win32_1.17.0.201812190825/tools/compiler/bin/../lib/gcc/arm-none-eabi/7.3.1/../../../../arm-none-eabi/lib/thumb/v7-m\libc.a(lib_a-lock.o)
 .ARM.attributes
                0x00000536       0x2d c:/ac6/systemworkbench/plugins/fr.ac6.mcu.externaltools.arm-none.win32_1.17.0.201812190825/tools/compiler/bin/../lib/gcc/arm-none-eabi/7.3.1/../../../../arm-none-eabi/lib/thumb/v7-m\libc.a(lib_a-__atexit.o)
 .ARM.attributes
                0x00000563       0x1d c:/ac6/systemworkbench/plugins/fr.ac6.mcu.externaltools.arm-none.win32_1.17.0.201812190825/tools/compiler/bin/../lib/gcc/arm-none-eabi/7.3.1/thumb/v7-m/crtn.o
OUTPUT(Session26.elf elf32-littlearm)

.debug_info     0x00000000     0xf755
 .debug_info    0x00000000      0xbab src/accel.o
 .debug_info    0x00000bab     0x10bf src/adc.o
 .debug_info    0x00001c6a      0xd81 src/clock.o
 .debug_info    0x000029eb      0xae6 src/game.o
 .debug_info    0x000034d1      0xc50 src/gpio.o
 .debug_info    0x00004121     0x1245 src/i2c.o
 .debug_info    0x00005366      0xefe src/lcd.o
 .debug_info    0x00006264      0xa8f src/main.o
 .debug_info    0x00006cf3      0xe07 src/nav.o
 .debug_info    0x00007afa      0xbd4 src/rgb.o
 .debug_info    0x000086ce      0x96d src/stm32l1xx_it.o
 .debug_info    0x0000903b      0xc71 src/system_stm32l1xx.o
 .debug_info    0x00009cac     0x16bd src/uart.o
 .debug_info    0x0000b369       0x22 startup/startup_stm32l152xe.o
 .debug_info    0x0000b38b      0xf05 C:\Users\shayd\workspace\nucleo-l152re_hal_lib\Debug\libnucleo-l152re_hal_lib.a(stm32l1xx_hal.o)
 .debug_info    0x0000c290     0x157e C:\Users\shayd\workspace\nucleo-l152re_hal_lib\Debug\libnucleo-l152re_hal_lib.a(stm32l1xx_hal_cortex.o)
 .debug_info    0x0000d80e      0xe3f C:\Users\shayd\workspace\nucleo-l152re_hal_lib\Debug\libnucleo-l152re_hal_lib.a(stm32l1xx_ll_rcc.o)
 .debug_info    0x0000e64d     0x1108 C:\Users\shayd\workspace\nucleo-l152re_hal_lib\Debug\libnucleo-l152re_hal_lib.a(stm32l1xx_ll_utils.o)

.debug_abbrev   0x00000000     0x2cc4
 .debug_abbrev  0x00000000      0x222 src/accel.o
 .debug_abbrev  0x00000222      0x2ef src/adc.o
 .debug_abbrev  0x00000511      0x252 src/clock.o
 .debug_abbrev  0x00000763      0x21e src/game.o
 .debug_abbrev  0x00000981      0x292 src/gpio.o
 .debug_abbrev  0x00000c13      0x2bd src/i2c.o
 .debug_abbrev  0x00000ed0      0x301 src/lcd.o
 .debug_abbrev  0x000011d1      0x1ff src/main.o
 .debug_abbrev  0x000013d0      0x2f8 src/nav.o
 .debug_abbrev  0x000016c8      0x251 src/rgb.o
 .debug_abbrev  0x00001919      0x1b1 src/stm32l1xx_it.o
 .debug_abbrev  0x00001aca      0x205 src/system_stm32l1xx.o
 .debug_abbrev  0x00001ccf      0x353 src/uart.o
 .debug_abbrev  0x00002022       0x12 startup/startup_stm32l152xe.o
 .debug_abbrev  0x00002034      0x2a3 C:\Users\shayd\workspace\nucleo-l152re_hal_lib\Debug\libnucleo-l152re_hal_lib.a(stm32l1xx_hal.o)
 .debug_abbrev  0x000022d7      0x36b C:\Users\shayd\workspace\nucleo-l152re_hal_lib\Debug\libnucleo-l152re_hal_lib.a(stm32l1xx_hal_cortex.o)
 .debug_abbrev  0x00002642      0x33c C:\Users\shayd\workspace\nucleo-l152re_hal_lib\Debug\libnucleo-l152re_hal_lib.a(stm32l1xx_ll_rcc.o)
 .debug_abbrev  0x0000297e      0x346 C:\Users\shayd\workspace\nucleo-l152re_hal_lib\Debug\libnucleo-l152re_hal_lib.a(stm32l1xx_ll_utils.o)

.debug_aranges  0x00000000      0x990
 .debug_aranges
                0x00000000       0x80 src/accel.o
 .debug_aranges
                0x00000080       0xc0 src/adc.o
 .debug_aranges
                0x00000140       0xa0 src/clock.o
 .debug_aranges
                0x000001e0       0x38 src/game.o
 .debug_aranges
                0x00000218       0x40 src/gpio.o
 .debug_aranges
                0x00000258       0xd0 src/i2c.o
 .debug_aranges
                0x00000328       0x70 src/lcd.o
 .debug_aranges
                0x00000398       0x30 src/main.o
 .debug_aranges
                0x000003c8       0x90 src/nav.o
 .debug_aranges
                0x00000458       0x60 src/rgb.o
 .debug_aranges
                0x000004b8       0x20 src/stm32l1xx_it.o
 .debug_aranges
                0x000004d8       0x28 src/system_stm32l1xx.o
 .debug_aranges
                0x00000500       0xe8 src/uart.o
 .debug_aranges
                0x000005e8       0x28 startup/startup_stm32l152xe.o
 .debug_aranges
                0x00000610       0xb0 C:\Users\shayd\workspace\nucleo-l152re_hal_lib\Debug\libnucleo-l152re_hal_lib.a(stm32l1xx_hal.o)
 .debug_aranges
                0x000006c0      0x118 C:\Users\shayd\workspace\nucleo-l152re_hal_lib\Debug\libnucleo-l152re_hal_lib.a(stm32l1xx_hal_cortex.o)
 .debug_aranges
                0x000007d8       0xc0 C:\Users\shayd\workspace\nucleo-l152re_hal_lib\Debug\libnucleo-l152re_hal_lib.a(stm32l1xx_ll_rcc.o)
 .debug_aranges
                0x00000898       0xf8 C:\Users\shayd\workspace\nucleo-l152re_hal_lib\Debug\libnucleo-l152re_hal_lib.a(stm32l1xx_ll_utils.o)

.debug_ranges   0x00000000      0x878
 .debug_ranges  0x00000000       0x70 src/accel.o
 .debug_ranges  0x00000070       0xb0 src/adc.o
 .debug_ranges  0x00000120       0x90 src/clock.o
 .debug_ranges  0x000001b0       0x28 src/game.o
 .debug_ranges  0x000001d8       0x30 src/gpio.o
 .debug_ranges  0x00000208       0xc0 src/i2c.o
 .debug_ranges  0x000002c8       0x60 src/lcd.o
 .debug_ranges  0x00000328       0x20 src/main.o
 .debug_ranges  0x00000348       0x80 src/nav.o
 .debug_ranges  0x000003c8       0x50 src/rgb.o
 .debug_ranges  0x00000418       0x10 src/stm32l1xx_it.o
 .debug_ranges  0x00000428       0x18 src/system_stm32l1xx.o
 .debug_ranges  0x00000440       0xd8 src/uart.o
 .debug_ranges  0x00000518       0x20 startup/startup_stm32l152xe.o
 .debug_ranges  0x00000538       0xa0 C:\Users\shayd\workspace\nucleo-l152re_hal_lib\Debug\libnucleo-l152re_hal_lib.a(stm32l1xx_hal.o)
 .debug_ranges  0x000005d8      0x108 C:\Users\shayd\workspace\nucleo-l152re_hal_lib\Debug\libnucleo-l152re_hal_lib.a(stm32l1xx_hal_cortex.o)
 .debug_ranges  0x000006e0       0xb0 C:\Users\shayd\workspace\nucleo-l152re_hal_lib\Debug\libnucleo-l152re_hal_lib.a(stm32l1xx_ll_rcc.o)
 .debug_ranges  0x00000790       0xe8 C:\Users\shayd\workspace\nucleo-l152re_hal_lib\Debug\libnucleo-l152re_hal_lib.a(stm32l1xx_ll_utils.o)

.debug_macro    0x00000000    0x1fd0d
 .debug_macro   0x00000000      0x531 src/accel.o
 .debug_macro   0x00000531      0xa72 src/accel.o
 .debug_macro   0x00000fa3       0x10 src/accel.o
 .debug_macro   0x00000fb3       0x28 src/accel.o
 .debug_macro   0x00000fdb       0x22 src/accel.o
 .debug_macro   0x00000ffd       0x22 src/accel.o
 .debug_macro   0x0000101f       0x8e src/accel.o
 .debug_macro   0x000010ad       0x51 src/accel.o
 .debug_macro   0x000010fe       0xef src/accel.o
 .debug_macro   0x000011ed       0x6a src/accel.o
 .debug_macro   0x00001257      0x1df src/accel.o
 .debug_macro   0x00001436       0x34 src/accel.o
 .debug_macro   0x0000146a       0x34 src/accel.o
 .debug_macro   0x0000149e      0xcb4 src/accel.o
 .debug_macro   0x00002152     0xbeb6 src/accel.o
 .debug_macro   0x0000e008       0x43 src/accel.o
 .debug_macro   0x0000e04b      0x106 src/accel.o
 .debug_macro   0x0000e151     0x342b src/accel.o
 .debug_macro   0x0001157c       0x5e src/accel.o
 .debug_macro   0x000115da       0x18 src/accel.o
 .debug_macro   0x000115f2       0x35 src/accel.o
 .debug_macro   0x00011627       0x34 src/accel.o
 .debug_macro   0x0001165b       0x16 src/accel.o
 .debug_macro   0x00011671       0x97 src/accel.o
 .debug_macro   0x00011708      0x330 src/accel.o
 .debug_macro   0x00011a38       0xfd src/accel.o
 .debug_macro   0x00011b35       0x10 src/accel.o
 .debug_macro   0x00011b45       0x58 src/accel.o
 .debug_macro   0x00011b9d       0x1f src/accel.o
 .debug_macro   0x00011bbc       0x43 src/accel.o
 .debug_macro   0x00011bff       0x20 src/accel.o
 .debug_macro   0x00011c1f      0x18e src/accel.o
 .debug_macro   0x00011dad       0x10 src/accel.o
 .debug_macro   0x00011dbd       0x1c src/accel.o
 .debug_macro   0x00011dd9       0x52 src/accel.o
 .debug_macro   0x00011e2b       0x40 src/accel.o
 .debug_macro   0x00011e6b       0x10 src/accel.o
 .debug_macro   0x00011e7b       0x40 src/accel.o
 .debug_macro   0x00011ebb       0xd7 src/accel.o
 .debug_macro   0x00011f92       0x1c src/accel.o
 .debug_macro   0x00011fae       0x3d src/accel.o
 .debug_macro   0x00011feb       0x16 src/accel.o
 .debug_macro   0x00012001      0x16f src/accel.o
 .debug_macro   0x00012170       0x56 src/accel.o
 .debug_macro   0x000121c6      0xe3e src/accel.o
 .debug_macro   0x00013004      0x363 src/accel.o
 .debug_macro   0x00013367      0x141 src/accel.o
 .debug_macro   0x000134a8       0xc6 src/accel.o
 .debug_macro   0x0001356e      0x25d src/accel.o
 .debug_macro   0x000137cb      0x23a src/accel.o
 .debug_macro   0x00013a05      0x685 src/accel.o
 .debug_macro   0x0001408a      0x16f src/accel.o
 .debug_macro   0x000141f9      0x1fb src/accel.o
 .debug_macro   0x000143f4       0xf0 src/accel.o
 .debug_macro   0x000144e4       0x22 src/accel.o
 .debug_macro   0x00014506      0x117 src/accel.o
 .debug_macro   0x0001461d       0xac src/accel.o
 .debug_macro   0x000146c9      0x113 src/accel.o
 .debug_macro   0x000147dc      0x56c src/accel.o
 .debug_macro   0x00014d48      0x225 src/accel.o
 .debug_macro   0x00014f6d      0x199 src/accel.o
 .debug_macro   0x00015106       0x79 src/accel.o
 .debug_macro   0x0001517f      0x3d7 src/accel.o
 .debug_macro   0x00015556      0x129 src/accel.o
 .debug_macro   0x0001567f       0x30 src/accel.o
 .debug_macro   0x000156af      0x1ed src/accel.o
 .debug_macro   0x0001589c       0x22 src/accel.o
 .debug_macro   0x000158be      0x28e src/accel.o
 .debug_macro   0x00015b4c      0x5d6 src/accel.o
 .debug_macro   0x00016122      0x1ed src/accel.o
 .debug_macro   0x0001630f       0x1c src/accel.o
 .debug_macro   0x0001632b      0x757 src/accel.o
 .debug_macro   0x00016a82       0xac src/accel.o
 .debug_macro   0x00016b2e      0x287 src/accel.o
 .debug_macro   0x00016db5      0x233 src/accel.o
 .debug_macro   0x00016fe8      0x1c3 src/accel.o
 .debug_macro   0x000171ab      0x2f7 src/accel.o
 .debug_macro   0x000174a2       0x89 src/accel.o
 .debug_macro   0x0001752b      0x281 src/accel.o
 .debug_macro   0x000177ac      0x470 src/accel.o
 .debug_macro   0x00017c1c      0x1a6 src/accel.o
 .debug_macro   0x00017dc2      0xd49 src/accel.o
 .debug_macro   0x00018b0b      0x12d src/accel.o
 .debug_macro   0x00018c38      0x156 src/accel.o
 .debug_macro   0x00018d8e      0x16d src/accel.o
 .debug_macro   0x00018efb       0xd8 src/accel.o
 .debug_macro   0x00018fd3      0x33a src/accel.o
 .debug_macro   0x0001930d      0x48b src/accel.o
 .debug_macro   0x00019798      0x1b5 src/accel.o
 .debug_macro   0x0001994d       0x2a src/accel.o
 .debug_macro   0x00019977       0x10 src/accel.o
 .debug_macro   0x00019987      0x4fb src/adc.o
 .debug_macro   0x00019e82       0x58 src/adc.o
 .debug_macro   0x00019eda       0x94 src/adc.o
 .debug_macro   0x00019f6e       0x16 src/adc.o
 .debug_macro   0x00019f84      0x10e src/adc.o
 .debug_macro   0x0001a092       0x8d src/adc.o
 .debug_macro   0x0001a11f       0x57 src/adc.o
 .debug_macro   0x0001a176       0x16 src/adc.o
 .debug_macro   0x0001a18c       0x29 src/adc.o
 .debug_macro   0x0001a1b5       0x1c src/adc.o
 .debug_macro   0x0001a1d1       0x35 src/adc.o
 .debug_macro   0x0001a206      0x48b src/clock.o
 .debug_macro   0x0001a691      0x127 src/clock.o
 .debug_macro   0x0001a7b8      0x32c src/clock.o
 .debug_macro   0x0001aae4      0x543 src/game.o
 .debug_macro   0x0001b027      0x484 src/gpio.o
 .debug_macro   0x0001b4ab       0x64 src/gpio.o
 .debug_macro   0x0001b50f      0x49d src/i2c.o
 .debug_macro   0x0001b9ac      0x4fe src/lcd.o
 .debug_macro   0x0001beaa      0x4fa src/main.o
 .debug_macro   0x0001c3a4       0x16 src/main.o
 .debug_macro   0x0001c3ba       0x64 src/main.o
 .debug_macro   0x0001c41e      0x503 src/nav.o
 .debug_macro   0x0001c921      0x4b7 src/rgb.o
 .debug_macro   0x0001cdd8       0x5e src/rgb.o
 .debug_macro   0x0001ce36      0x41d src/stm32l1xx_it.o
 .debug_macro   0x0001d253      0x419 src/system_stm32l1xx.o
 .debug_macro   0x0001d66c      0x491 src/uart.o
 .debug_macro   0x0001dafd      0x437 C:\Users\shayd\workspace\nucleo-l152re_hal_lib\Debug\libnucleo-l152re_hal_lib.a(stm32l1xx_hal.o)
 .debug_macro   0x0001df34      0xa5a C:\Users\shayd\workspace\nucleo-l152re_hal_lib\Debug\libnucleo-l152re_hal_lib.a(stm32l1xx_hal.o)
 .debug_macro   0x0001e98e       0x2e C:\Users\shayd\workspace\nucleo-l152re_hal_lib\Debug\libnucleo-l152re_hal_lib.a(stm32l1xx_hal.o)
 .debug_macro   0x0001e9bc      0x413 C:\Users\shayd\workspace\nucleo-l152re_hal_lib\Debug\libnucleo-l152re_hal_lib.a(stm32l1xx_hal_cortex.o)
 .debug_macro   0x0001edcf      0x428 C:\Users\shayd\workspace\nucleo-l152re_hal_lib\Debug\libnucleo-l152re_hal_lib.a(stm32l1xx_ll_rcc.o)
 .debug_macro   0x0001f1f7      0x334 C:\Users\shayd\workspace\nucleo-l152re_hal_lib\Debug\libnucleo-l152re_hal_lib.a(stm32l1xx_ll_rcc.o)
 .debug_macro   0x0001f52b      0x4bc C:\Users\shayd\workspace\nucleo-l152re_hal_lib\Debug\libnucleo-l152re_hal_lib.a(stm32l1xx_ll_utils.o)
 .debug_macro   0x0001f9e7      0x326 C:\Users\shayd\workspace\nucleo-l152re_hal_lib\Debug\libnucleo-l152re_hal_lib.a(stm32l1xx_ll_utils.o)

.debug_line     0x00000000     0xd2c3
 .debug_line    0x00000000      0xc80 src/accel.o
 .debug_line    0x00000c80      0xd37 src/adc.o
 .debug_line    0x000019b7      0xca1 src/clock.o
 .debug_line    0x00002658      0xc71 src/game.o
 .debug_line    0x000032c9      0xba4 src/gpio.o
 .debug_line    0x00003e6d      0xe43 src/i2c.o
 .debug_line    0x00004cb0      0xe00 src/lcd.o
 .debug_line    0x00005ab0      0xbf0 src/main.o
 .debug_line    0x000066a0      0xce5 src/nav.o
 .debug_line    0x00007385      0xc2c src/rgb.o
 .debug_line    0x00007fb1      0xa01 src/stm32l1xx_it.o
 .debug_line    0x000089b2      0x9ff src/system_stm32l1xx.o
 .debug_line    0x000093b1      0xde8 src/uart.o
 .debug_line    0x0000a199       0x7d startup/startup_stm32l152xe.o
 .debug_line    0x0000a216      0xb2c C:\Users\shayd\workspace\nucleo-l152re_hal_lib\Debug\libnucleo-l152re_hal_lib.a(stm32l1xx_hal.o)
 .debug_line    0x0000ad42      0xce4 C:\Users\shayd\workspace\nucleo-l152re_hal_lib\Debug\libnucleo-l152re_hal_lib.a(stm32l1xx_hal_cortex.o)
 .debug_line    0x0000ba26      0xbe5 C:\Users\shayd\workspace\nucleo-l152re_hal_lib\Debug\libnucleo-l152re_hal_lib.a(stm32l1xx_ll_rcc.o)
 .debug_line    0x0000c60b      0xcb8 C:\Users\shayd\workspace\nucleo-l152re_hal_lib\Debug\libnucleo-l152re_hal_lib.a(stm32l1xx_ll_utils.o)

.debug_str      0x00000000    0xb9611
 .debug_str     0x00000000    0xb5d44 src/accel.o
                              0xb65c2 (size before relaxing)
 .debug_str     0x000b5d44      0x593 src/adc.o
                              0xb6803 (size before relaxing)
 .debug_str     0x000b62d7      0x1f0 src/clock.o
                              0xb646e (size before relaxing)
 .debug_str     0x000b64c7      0x28e src/game.o
                              0xb64c4 (size before relaxing)
 .debug_str     0x000b6755      0x3d9 src/gpio.o
                              0xb66d4 (size before relaxing)
 .debug_str     0x000b6b2e      0x2f8 src/i2c.o
                              0xb663e (size before relaxing)
 .debug_str     0x000b6e26      0x4a9 src/lcd.o
                              0xb684e (size before relaxing)
 .debug_str     0x000b72cf      0x20f src/main.o
                              0xb6851 (size before relaxing)
 .debug_str     0x000b74de      0x3d8 src/nav.o
                              0xb6756 (size before relaxing)
 .debug_str     0x000b78b6      0x118 src/rgb.o
                              0xb68b5 (size before relaxing)
 .debug_str     0x000b79ce       0x38 src/stm32l1xx_it.o
                              0xa61b4 (size before relaxing)
 .debug_str     0x000b7a06       0xd0 src/system_stm32l1xx.o
                              0xa62b1 (size before relaxing)
 .debug_str     0x000b7ad6      0x61b src/uart.o
                              0xb6a66 (size before relaxing)
 .debug_str     0x000b80f1       0x2f startup/startup_stm32l152xe.o
                                 0x58 (size before relaxing)
 .debug_str     0x000b8120      0x2d9 C:\Users\shayd\workspace\nucleo-l152re_hal_lib\Debug\libnucleo-l152re_hal_lib.a(stm32l1xx_hal.o)
                              0xa68ea (size before relaxing)
 .debug_str     0x000b83f9      0x364 C:\Users\shayd\workspace\nucleo-l152re_hal_lib\Debug\libnucleo-l152re_hal_lib.a(stm32l1xx_hal_cortex.o)
                              0xa6a28 (size before relaxing)
 .debug_str     0x000b875d      0x21c C:\Users\shayd\workspace\nucleo-l152re_hal_lib\Debug\libnucleo-l152re_hal_lib.a(stm32l1xx_ll_rcc.o)
                              0xa7980 (size before relaxing)
 .debug_str     0x000b8979      0xc98 C:\Users\shayd\workspace\nucleo-l152re_hal_lib\Debug\libnucleo-l152re_hal_lib.a(stm32l1xx_ll_utils.o)
                              0xaa41a (size before relaxing)

.comment        0x00000000       0x7f
 .comment       0x00000000       0x7f src/accel.o
                                 0x80 (size before relaxing)
 .comment       0x0000007f       0x80 src/adc.o
 .comment       0x0000007f       0x80 src/clock.o
 .comment       0x0000007f       0x80 src/game.o
 .comment       0x0000007f       0x80 src/gpio.o
 .comment       0x0000007f       0x80 src/i2c.o
 .comment       0x0000007f       0x80 src/lcd.o
 .comment       0x0000007f       0x80 src/main.o
 .comment       0x0000007f       0x80 src/nav.o
 .comment       0x0000007f       0x80 src/rgb.o
 .comment       0x0000007f       0x80 src/stm32l1xx_it.o
 .comment       0x0000007f       0x80 src/system_stm32l1xx.o
 .comment       0x0000007f       0x80 src/uart.o
 .comment       0x0000007f       0x80 C:\Users\shayd\workspace\nucleo-l152re_hal_lib\Debug\libnucleo-l152re_hal_lib.a(stm32l1xx_hal.o)
 .comment       0x0000007f       0x80 C:\Users\shayd\workspace\nucleo-l152re_hal_lib\Debug\libnucleo-l152re_hal_lib.a(stm32l1xx_hal_cortex.o)
 .comment       0x0000007f       0x80 C:\Users\shayd\workspace\nucleo-l152re_hal_lib\Debug\libnucleo-l152re_hal_lib.a(stm32l1xx_ll_rcc.o)
 .comment       0x0000007f       0x80 C:\Users\shayd\workspace\nucleo-l152re_hal_lib\Debug\libnucleo-l152re_hal_lib.a(stm32l1xx_ll_utils.o)

.debug_frame    0x00000000     0x264c
 .debug_frame   0x00000000      0x1bc src/accel.o
 .debug_frame   0x000001bc      0x314 src/adc.o
 .debug_frame   0x000004d0      0x26c src/clock.o
 .debug_frame   0x0000073c       0x8c src/game.o
 .debug_frame   0x000007c8       0xcc src/gpio.o
 .debug_frame   0x00000894      0x3a4 src/i2c.o
 .debug_frame   0x00000c38      0x1c0 src/lcd.o
 .debug_frame   0x00000df8       0x7c src/main.o
 .debug_frame   0x00000e74      0x200 src/nav.o
 .debug_frame   0x00001074      0x154 src/rgb.o
 .debug_frame   0x000011c8       0x2c src/stm32l1xx_it.o
 .debug_frame   0x000011f4       0x58 src/system_stm32l1xx.o
 .debug_frame   0x0000124c      0x3fc src/uart.o
 .debug_frame   0x00001648      0x270 C:\Users\shayd\workspace\nucleo-l152re_hal_lib\Debug\libnucleo-l152re_hal_lib.a(stm32l1xx_hal.o)
 .debug_frame   0x000018b8      0x498 C:\Users\shayd\workspace\nucleo-l152re_hal_lib\Debug\libnucleo-l152re_hal_lib.a(stm32l1xx_hal_cortex.o)
 .debug_frame   0x00001d50      0x2e8 C:\Users\shayd\workspace\nucleo-l152re_hal_lib\Debug\libnucleo-l152re_hal_lib.a(stm32l1xx_ll_rcc.o)
 .debug_frame   0x00002038      0x3f8 C:\Users\shayd\workspace\nucleo-l152re_hal_lib\Debug\libnucleo-l152re_hal_lib.a(stm32l1xx_ll_utils.o)
 .debug_frame   0x00002430       0x2c c:/ac6/systemworkbench/plugins/fr.ac6.mcu.externaltools.arm-none.win32_1.17.0.201812190825/tools/compiler/bin/../lib/gcc/arm-none-eabi/7.3.1/../../../../arm-none-eabi/lib/thumb/v7-m\libc.a(lib_a-init.o)
 .debug_frame   0x0000245c       0x3c c:/ac6/systemworkbench/plugins/fr.ac6.mcu.externaltools.arm-none.win32_1.17.0.201812190825/tools/compiler/bin/../lib/gcc/arm-none-eabi/7.3.1/../../../../arm-none-eabi/lib/thumb/v7-m\libc.a(lib_a-rand.o)
 .debug_frame   0x00002498       0x20 c:/ac6/systemworkbench/plugins/fr.ac6.mcu.externaltools.arm-none.win32_1.17.0.201812190825/tools/compiler/bin/../lib/gcc/arm-none-eabi/7.3.1/../../../../arm-none-eabi/lib/thumb/v7-m\libc.a(lib_a-strlen-stub.o)
 .debug_frame   0x000024b8       0x5c c:/ac6/systemworkbench/plugins/fr.ac6.mcu.externaltools.arm-none.win32_1.17.0.201812190825/tools/compiler/bin/../lib/gcc/arm-none-eabi/7.3.1/../../../../arm-none-eabi/lib/thumb/v7-m\libc.a(lib_a-__call_atexit.o)
 .debug_frame   0x00002514       0x20 c:/ac6/systemworkbench/plugins/fr.ac6.mcu.externaltools.arm-none.win32_1.17.0.201812190825/tools/compiler/bin/../lib/gcc/arm-none-eabi/7.3.1/../../../../arm-none-eabi/lib/thumb/v7-m\libc.a(lib_a-atexit.o)
 .debug_frame   0x00002534       0x34 c:/ac6/systemworkbench/plugins/fr.ac6.mcu.externaltools.arm-none.win32_1.17.0.201812190825/tools/compiler/bin/../lib/gcc/arm-none-eabi/7.3.1/../../../../arm-none-eabi/lib/thumb/v7-m\libc.a(lib_a-fini.o)
 .debug_frame   0x00002568       0xb0 c:/ac6/systemworkbench/plugins/fr.ac6.mcu.externaltools.arm-none.win32_1.17.0.201812190825/tools/compiler/bin/../lib/gcc/arm-none-eabi/7.3.1/../../../../arm-none-eabi/lib/thumb/v7-m\libc.a(lib_a-lock.o)
 .debug_frame   0x00002618       0x34 c:/ac6/systemworkbench/plugins/fr.ac6.mcu.externaltools.arm-none.win32_1.17.0.201812190825/tools/compiler/bin/../lib/gcc/arm-none-eabi/7.3.1/../../../../arm-none-eabi/lib/thumb/v7-m\libc.a(lib_a-__atexit.o)
