Archive member included to satisfy reference by file (symbol)

/home/shaydon/projects/stm32_workspace/b-l475e-iot01a1_hal_lib/Debug/libb-l475e-iot01a1_hal_lib.a(stm32l4xx_hal.o)
                              src/main.o (HAL_Init)
/home/shaydon/projects/stm32_workspace/b-l475e-iot01a1_hal_lib/Debug/libb-l475e-iot01a1_hal_lib.a(stm32l4xx_hal_cortex.o)
                              /home/shaydon/projects/stm32_workspace/b-l475e-iot01a1_hal_lib/Debug/libb-l475e-iot01a1_hal_lib.a(stm32l4xx_hal.o) (HAL_NVIC_SetPriorityGrouping)
/home/shaydon/projects/stm32_workspace/b-l475e-iot01a1_hal_lib/Debug/libb-l475e-iot01a1_hal_lib.a(stm32l4xx_hal_gpio.o)
                              src/sensor.o (HAL_GPIO_Init)
/home/shaydon/projects/stm32_workspace/b-l475e-iot01a1_hal_lib/Debug/libb-l475e-iot01a1_hal_lib.a(stm32l4xx_hal_i2c.o)
                              src/vl53l0x_tof.o (HAL_I2C_Master_Transmit)
/home/shaydon/projects/stm32_workspace/b-l475e-iot01a1_hal_lib/Debug/libb-l475e-iot01a1_hal_lib.a(stm32l4xx_hal_rcc.o)
                              src/clock.o (HAL_RCC_OscConfig)
/home/shaydon/projects/stm32_workspace/b-l475e-iot01a1_hal_lib/Debug/libb-l475e-iot01a1_hal_lib.a(stm32l4xx_hal_uart.o)
                              src/uart.o (HAL_UART_Transmit)
/home/shaydon/projects/stm32_workspace/b-l475e-iot01a1_hal_lib/Debug/libb-l475e-iot01a1_hal_lib.a(stm32l4xx_hal_uart_ex.o)
                              /home/shaydon/projects/stm32_workspace/b-l475e-iot01a1_hal_lib/Debug/libb-l475e-iot01a1_hal_lib.a(stm32l4xx_hal_uart.o) (HAL_UARTEx_WakeupCallback)
/home/shaydon/projects/stm32_workspace/b-l475e-iot01a1_hal_lib/Debug/libb-l475e-iot01a1_hal_lib.a(stm32l475e_iot01.o)
                              src/sensor.o (hI2cHandler)
/home/shaydon/projects/stm32_workspace/b-l475e-iot01a1_hal_lib/Debug/libb-l475e-iot01a1_hal_lib.a(stm32l475e_iot01_hsensor.o)
                              src/sensor.o (BSP_HSENSOR_Init)
/home/shaydon/projects/stm32_workspace/b-l475e-iot01a1_hal_lib/Debug/libb-l475e-iot01a1_hal_lib.a(stm32l475e_iot01_tsensor.o)
                              src/sensor.o (BSP_TSENSOR_Init)
/home/shaydon/projects/stm32_workspace/b-l475e-iot01a1_hal_lib/Debug/libb-l475e-iot01a1_hal_lib.a(hts221.o)
                              /home/shaydon/projects/stm32_workspace/b-l475e-iot01a1_hal_lib/Debug/libb-l475e-iot01a1_hal_lib.a(stm32l475e_iot01_hsensor.o) (HTS221_H_Drv)
/home/shaydon/projects/stm32_workspace/b-l475e-iot01a1_hal_lib/Debug/libb-l475e-iot01a1_hal_lib.a(stm32l4xx_hal_dma.o)
                              /home/shaydon/projects/stm32_workspace/b-l475e-iot01a1_hal_lib/Debug/libb-l475e-iot01a1_hal_lib.a(stm32l4xx_hal_i2c.o) (HAL_DMA_Start_IT)
/home/shaydon/projects/stm32_workspace/b-l475e-iot01a1_hal_lib/Debug/libb-l475e-iot01a1_hal_lib.a(stm32l4xx_hal_i2c_ex.o)
                              /home/shaydon/projects/stm32_workspace/b-l475e-iot01a1_hal_lib/Debug/libb-l475e-iot01a1_hal_lib.a(stm32l475e_iot01.o) (HAL_I2CEx_ConfigAnalogFilter)
/home/shaydon/projects/stm32_workspace/b-l475e-iot01a1_hal_lib/Debug/libb-l475e-iot01a1_hal_lib.a(stm32l4xx_hal_pwr_ex.o)
                              /home/shaydon/projects/stm32_workspace/b-l475e-iot01a1_hal_lib/Debug/libb-l475e-iot01a1_hal_lib.a(stm32l4xx_hal_rcc.o) (HAL_PWREx_GetVoltageRange)
/home/shaydon/projects/stm32_workspace/b-l475e-iot01a1_hal_lib/Debug/libb-l475e-iot01a1_hal_lib.a(stm32l4xx_hal_pwr.o)
                              /home/shaydon/projects/stm32_workspace/b-l475e-iot01a1_hal_lib/Debug/libb-l475e-iot01a1_hal_lib.a(stm32l4xx_hal_pwr_ex.o) (HAL_PWR_PVDCallback)
/home/shaydon/Ac6/SystemWorkbench/plugins/fr.ac6.mcu.externaltools.arm-none.linux64_1.17.0.201812190825/tools/compiler/bin/../lib/gcc/arm-none-eabi/7.3.1/thumb/v7e-m/fpv4-sp/hard/libgcc.a(_aeabi_uldivmod.o)
                              /home/shaydon/projects/stm32_workspace/b-l475e-iot01a1_hal_lib/Debug/libb-l475e-iot01a1_hal_lib.a(stm32l4xx_hal_uart.o) (__aeabi_uldivmod)
/home/shaydon/Ac6/SystemWorkbench/plugins/fr.ac6.mcu.externaltools.arm-none.linux64_1.17.0.201812190825/tools/compiler/bin/../lib/gcc/arm-none-eabi/7.3.1/thumb/v7e-m/fpv4-sp/hard/libgcc.a(_udivmoddi4.o)
                              /home/shaydon/Ac6/SystemWorkbench/plugins/fr.ac6.mcu.externaltools.arm-none.linux64_1.17.0.201812190825/tools/compiler/bin/../lib/gcc/arm-none-eabi/7.3.1/thumb/v7e-m/fpv4-sp/hard/libgcc.a(_aeabi_uldivmod.o) (__udivmoddi4)
/home/shaydon/Ac6/SystemWorkbench/plugins/fr.ac6.mcu.externaltools.arm-none.linux64_1.17.0.201812190825/tools/compiler/bin/../lib/gcc/arm-none-eabi/7.3.1/thumb/v7e-m/fpv4-sp/hard/libgcc.a(_dvmd_tls.o)
                              /home/shaydon/Ac6/SystemWorkbench/plugins/fr.ac6.mcu.externaltools.arm-none.linux64_1.17.0.201812190825/tools/compiler/bin/../lib/gcc/arm-none-eabi/7.3.1/thumb/v7e-m/fpv4-sp/hard/libgcc.a(_aeabi_uldivmod.o) (__aeabi_ldiv0)
[...]
Memory Configuration

Name             Origin             Length             Attributes
FLASH            0x0000000008000000 0x0000000000100000 xr
RAM              0x0000000020000000 0x0000000000018000 xrw
*default*        0x0000000000000000 0xffffffffffffffff

Linker script and memory map

LOAD /home/shaydon/Ac6/SystemWorkbench/plugins/fr.ac6.mcu.externaltools.arm-none.linux64_1.17.0.201812190825/tools/compiler/bin/../lib/gcc/arm-none-eabi/7.3.1/thumb/v7e-m/fpv4-sp/hard/crti.o
LOAD /home/shaydon/Ac6/SystemWorkbench/plugins/fr.ac6.mcu.externaltools.arm-none.linux64_1.17.0.201812190825/tools/compiler/bin/../lib/gcc/arm-none-eabi/7.3.1/thumb/v7e-m/fpv4-sp/hard/crtbegin.o
LOAD /home/shaydon/Ac6/SystemWorkbench/plugins/fr.ac6.mcu.externaltools.arm-none.linux64_1.17.0.201812190825/tools/compiler/bin/../lib/gcc/arm-none-eabi/7.3.1/../../../../arm-none-eabi/lib/thumb/v7e-m/fpv4-sp/hard/crt0.o
LOAD Middlewares/Third_Party/FreeRTOS/Source/CMSIS_RTOS/cmsis_os.o
LOAD Middlewares/Third_Party/FreeRTOS/Source/croutine.o
LOAD Middlewares/Third_Party/FreeRTOS/Source/event_groups.o
LOAD Middlewares/Third_Party/FreeRTOS/Source/list.o
LOAD Middlewares/Third_Party/FreeRTOS/Source/queue.o
LOAD Middlewares/Third_Party/FreeRTOS/Source/tasks.o
LOAD Middlewares/Third_Party/FreeRTOS/Source/timers.o
LOAD Middlewares/Third_Party/FreeRTOS/Source/portable/GCC/ARM_CM4F/port.o
LOAD Middlewares/Third_Party/FreeRTOS/Source/portable/MemMang/heap_4.o
LOAD src/btn.o
LOAD src/clock.o
LOAD src/eprintf.o
LOAD src/led.o
LOAD src/main.o
LOAD src/out.o
LOAD src/sensor.o
LOAD src/stm32l4xx_hal_msp.o
LOAD src/stm32l4xx_it.o
LOAD src/syscalls.o
LOAD src/system_stm32l4xx.o
LOAD src/uart.o
LOAD src/vl53l0x_api.o
LOAD src/vl53l0x_api_calibration.o
LOAD src/vl53l0x_api_core.o
LOAD src/vl53l0x_api_ranging.o
LOAD src/vl53l0x_api_strings.o
LOAD src/vl53l0x_platform_log.o
LOAD src/vl53l0x_tof.o
LOAD startup/startup_stm32l475xx.o
LOAD /home/shaydon/projects/stm32_workspace/b-l475e-iot01a1_hal_lib/Debug/libb-l475e-iot01a1_hal_lib.a
LOAD /home/shaydon/Ac6/SystemWorkbench/plugins/fr.ac6.mcu.externaltools.arm-none.linux64_1.17.0.201812190825/tools/compiler/bin/../lib/gcc/arm-none-eabi/7.3.1/../../../../arm-none-eabi/lib/thumb/v7e-m/fpv4-sp/hard/libm.a
START GROUP
LOAD /home/shaydon/Ac6/SystemWorkbench/plugins/fr.ac6.mcu.externaltools.arm-none.linux64_1.17.0.201812190825/tools/compiler/bin/../lib/gcc/arm-none-eabi/7.3.1/thumb/v7e-m/fpv4-sp/hard/libgcc.a
LOAD /home/shaydon/Ac6/SystemWorkbench/plugins/fr.ac6.mcu.externaltools.arm-none.linux64_1.17.0.201812190825/tools/compiler/bin/../lib/gcc/arm-none-eabi/7.3.1/../../../../arm-none-eabi/lib/thumb/v7e-m/fpv4-sp/hard/libc.a
END GROUP
LOAD /home/shaydon/Ac6/SystemWorkbench/plugins/fr.ac6.mcu.externaltools.arm-none.linux64_1.17.0.201812190825/tools/compiler/bin/../lib/gcc/arm-none-eabi/7.3.1/thumb/v7e-m/fpv4-sp/hard/crtend.o
LOAD /home/shaydon/Ac6/SystemWorkbench/plugins/fr.ac6.mcu.externaltools.arm-none.linux64_1.17.0.201812190825/tools/compiler/bin/../lib/gcc/arm-none-eabi/7.3.1/thumb/v7e-m/fpv4-sp/hard/crtn.o
                0x0000000020018000                _estack = 0x20018000
                0x0000000000000200                _Min_Heap_Size = 0x200
                0x0000000000000400                _Min_Stack_Size = 0x400

.isr_vector     0x0000000008000000      0x188
                0x0000000008000000                . = ALIGN (0x8)
 *(.isr_vector)
 .isr_vector    0x0000000008000000      0x188 startup/startup_stm32l475xx.o
                0x0000000008000000                g_pfnVectors
                0x0000000008000188                . = ALIGN (0x8)

.text           0x00000000080001c0     0xd420
                0x00000000080001c0                . = ALIGN (0x8)
 *(.text)
 .text          0x00000000080001c0       0x40 /home/shaydon/Ac6/SystemWorkbench/plugins/fr.ac6.mcu.externaltools.arm-none.linux64_1.17.0.201812190825/tools/compiler/bin/../lib/gcc/arm-none-eabi/7.3.1/thumb/v7e-m/fpv4-sp/hard/crtbegin.o
 .text          0x0000000008000200       0x30 /home/shaydon/Ac6/SystemWorkbench/plugins/fr.ac6.mcu.externaltools.arm-none.linux64_1.17.0.201812190825/tools/compiler/bin/../lib/gcc/arm-none-eabi/7.3.1/thumb/v7e-m/fpv4-sp/hard/libgcc.a(_aeabi_uldivmod.o)
                0x0000000008000200                __aeabi_uldivmod
 .text          0x0000000008000230      0x2cc /home/shaydon/Ac6/SystemWorkbench/plugins/fr.ac6.mcu.externaltools.arm-none.linux64_1.17.0.201812190825/tools/compiler/bin/../lib/gcc/arm-none-eabi/7.3.1/thumb/v7e-m/fpv4-sp/hard/libgcc.a(_udivmoddi4.o)
                0x0000000008000230                __udivmoddi4
 .text          0x00000000080004fc        0x4 /home/shaydon/Ac6/SystemWorkbench/plugins/fr.ac6.mcu.externaltools.arm-none.linux64_1.17.0.201812190825/tools/compiler/bin/../lib/gcc/arm-none-eabi/7.3.1/thumb/v7e-m/fpv4-sp/hard/libgcc.a(_dvmd_tls.o)
                0x00000000080004fc                __aeabi_ldiv0
                0x00000000080004fc                __aeabi_idiv0
 .text          0x0000000008000500      0x134 /home/shaydon/Ac6/SystemWorkbench/plugins/fr.ac6.mcu.externaltools.arm-none.linux64_1.17.0.201812190825/tools/compiler/bin/../lib/gcc/arm-none-eabi/7.3.1/../../../../arm-none-eabi/lib/thumb/v7e-m/fpv4-sp/hard/libc.a(lib_a-memcpy.o)
                0x0000000008000500                memcpy
 *fill*         0x0000000008000634        0xc 
 .text          0x0000000008000640       0xdc /home/shaydon/Ac6/SystemWorkbench/plugins/fr.ac6.mcu.externaltools.arm-none.linux64_1.17.0.201812190825/tools/compiler/bin/../lib/gcc/arm-none-eabi/7.3.1/../../../../arm-none-eabi/lib/thumb/v7e-m/fpv4-sp/hard/libc.a(lib_a-strlen.o)
                0x0000000008000640                strlen
 *fill*         0x000000000800071c        0x4 
 .text          0x0000000008000720       0xa0 /home/shaydon/Ac6/SystemWorkbench/plugins/fr.ac6.mcu.externaltools.arm-none.linux64_1.17.0.201812190825/tools/compiler/bin/../lib/gcc/arm-none-eabi/7.3.1/../../../../arm-none-eabi/lib/thumb/v7e-m/fpv4-sp/hard/libc.a(lib_a-memchr.o)
                0x0000000008000720                memchr
 *(.text*)
 .text.osSystickHandler
                0x00000000080007c0       0x16 Middlewares/Third_Party/FreeRTOS/Source/CMSIS_RTOS/cmsis_os.o
                0x00000000080007c0                osSystickHandler
 .text.vListInitialise
                0x00000000080007d6       0x40 Middlewares/Third_Party/FreeRTOS/Source/list.o
                0x00000000080007d6                vListInitialise
 .text.vListInitialiseItem
                0x0000000008000816       0x1a Middlewares/Third_Party/FreeRTOS/Source/list.o
                0x0000000008000816                vListInitialiseItem
 .text.vListInsertEnd
                0x0000000008000830       0x48 Middlewares/Third_Party/FreeRTOS/Source/list.o
                0x0000000008000830                vListInsertEnd
 .text.vListInsert
                0x0000000008000878       0x72 Middlewares/Third_Party/FreeRTOS/Source/list.o
                0x0000000008000878                vListInsert
 .text.uxListRemove
                0x00000000080008ea       0x54 Middlewares/Third_Party/FreeRTOS/Source/list.o
                0x00000000080008ea                uxListRemove
 *fill*         0x000000000800093e        0x2 
 .text.xQueueGenericReset
                0x0000000008000940       0xd0 Middlewares/Third_Party/FreeRTOS/Source/queue.o
                0x0000000008000940                xQueueGenericReset
 .text.xQueueGenericCreate
                0x0000000008000a10       0x72 Middlewares/Third_Party/FreeRTOS/Source/queue.o
                0x0000000008000a10                xQueueGenericCreate
 .text.prvInitialiseNewQueue
                0x0000000008000a82       0x46 Middlewares/Third_Party/FreeRTOS/Source/queue.o
 .text.xQueueGenericSend
                0x0000000008000ac8      0x1f4 Middlewares/Third_Party/FreeRTOS/Source/queue.o
                0x0000000008000ac8                xQueueGenericSend
 .text.xQueueReceive
                0x0000000008000cbc      0x1b8 Middlewares/Third_Party/FreeRTOS/Source/queue.o
                0x0000000008000cbc                xQueueReceive
 .text.xQueueSemaphoreTake
                0x0000000008000e74      0x210 Middlewares/Third_Party/FreeRTOS/Source/queue.o
                0x0000000008000e74                xQueueSemaphoreTake
 .text.prvGetDisinheritPriorityAfterTimeout
                0x0000000008001084       0x30 Middlewares/Third_Party/FreeRTOS/Source/queue.o
 .text.prvCopyDataToQueue
                0x00000000080010b4       0xd4 Middlewares/Third_Party/FreeRTOS/Source/queue.o
 .text.prvCopyDataFromQueue
                0x0000000008001188       0x4c Middlewares/Third_Party/FreeRTOS/Source/queue.o
 .text.prvUnlockQueue
                0x00000000080011d4       0xa4 Middlewares/Third_Party/FreeRTOS/Source/queue.o
 .text.prvIsQueueEmpty
                0x0000000008001278       0x2c Middlewares/Third_Party/FreeRTOS/Source/queue.o
 .text.prvIsQueueFull
                0x00000000080012a4       0x30 Middlewares/Third_Party/FreeRTOS/Source/queue.o
 .text.xTaskCreate
                0x00000000080012d4       0x82 Middlewares/Third_Party/FreeRTOS/Source/tasks.o
                0x00000000080012d4                xTaskCreate
 .text.prvInitialiseNewTask
                0x0000000008001356      0x10c Middlewares/Third_Party/FreeRTOS/Source/tasks.o
 *fill*         0x0000000008001462        0x2 
 .text.prvAddNewTaskToReadyList
                0x0000000008001464       0xdc Middlewares/Third_Party/FreeRTOS/Source/tasks.o
 .text.vTaskDelay
                0x0000000008001540       0x68 Middlewares/Third_Party/FreeRTOS/Source/tasks.o
                0x0000000008001540                vTaskDelay
 .text.vTaskStartScheduler
                0x00000000080015a8       0x8c Middlewares/Third_Party/FreeRTOS/Source/tasks.o
                0x00000000080015a8                vTaskStartScheduler
 .text.vTaskSuspendAll
                0x0000000008001634       0x1c Middlewares/Third_Party/FreeRTOS/Source/tasks.o
                0x0000000008001634                vTaskSuspendAll
 .text.xTaskResumeAll
                0x0000000008001650      0x138 Middlewares/Third_Party/FreeRTOS/Source/tasks.o
                0x0000000008001650                xTaskResumeAll
 .text.xTaskIncrementTick
                0x0000000008001788      0x178 Middlewares/Third_Party/FreeRTOS/Source/tasks.o
                0x0000000008001788                xTaskIncrementTick
 .text.vTaskSwitchContext
                0x0000000008001900       0xb4 Middlewares/Third_Party/FreeRTOS/Source/tasks.o
                0x0000000008001900                vTaskSwitchContext
 .text.vTaskPlaceOnEventList
                0x00000000080019b4       0x48 Middlewares/Third_Party/FreeRTOS/Source/tasks.o
                0x00000000080019b4                vTaskPlaceOnEventList
 .text.xTaskRemoveFromEventList
                0x00000000080019fc       0xc4 Middlewares/Third_Party/FreeRTOS/Source/tasks.o
                0x00000000080019fc                xTaskRemoveFromEventList
 .text.vTaskInternalSetTimeOutState
                0x0000000008001ac0       0x2c Middlewares/Third_Party/FreeRTOS/Source/tasks.o
                0x0000000008001ac0                vTaskInternalSetTimeOutState
 .text.xTaskCheckForTimeOut
                0x0000000008001aec       0xc0 Middlewares/Third_Party/FreeRTOS/Source/tasks.o
                0x0000000008001aec                xTaskCheckForTimeOut
 .text.vTaskMissedYield
                0x0000000008001bac       0x18 Middlewares/Third_Party/FreeRTOS/Source/tasks.o
                0x0000000008001bac                vTaskMissedYield
 .text.prvIdleTask
                0x0000000008001bc4       0x30 Middlewares/Third_Party/FreeRTOS/Source/tasks.o
 .text.prvInitialiseTaskLists
                0x0000000008001bf4       0x80 Middlewares/Third_Party/FreeRTOS/Source/tasks.o
 .text.prvCheckTasksWaitingTermination
                0x0000000008001c74       0x58 Middlewares/Third_Party/FreeRTOS/Source/tasks.o
 .text.prvDeleteTCB
                0x0000000008001ccc       0x20 Middlewares/Third_Party/FreeRTOS/Source/tasks.o
 .text.prvResetNextTaskUnblockTime
                0x0000000008001cec       0x4c Middlewares/Third_Party/FreeRTOS/Source/tasks.o
 .text.xTaskGetSchedulerState
                0x0000000008001d38       0x3c Middlewares/Third_Party/FreeRTOS/Source/tasks.o
                0x0000000008001d38                xTaskGetSchedulerState
 .text.xTaskPriorityInherit
                0x0000000008001d74      0x10c Middlewares/Third_Party/FreeRTOS/Source/tasks.o
                0x0000000008001d74                xTaskPriorityInherit
 .text.xTaskPriorityDisinherit
                0x0000000008001e80      0x108 Middlewares/Third_Party/FreeRTOS/Source/tasks.o
                0x0000000008001e80                xTaskPriorityDisinherit
 .text.vTaskPriorityDisinheritAfterTimeout
                0x0000000008001f88      0x13c Middlewares/Third_Party/FreeRTOS/Source/tasks.o
                0x0000000008001f88                vTaskPriorityDisinheritAfterTimeout
 .text.pvTaskIncrementMutexHeldCount
                0x00000000080020c4       0x28 Middlewares/Third_Party/FreeRTOS/Source/tasks.o
                0x00000000080020c4                pvTaskIncrementMutexHeldCount
 .text.prvAddCurrentTaskToDelayedList
                0x00000000080020ec       0xcc Middlewares/Third_Party/FreeRTOS/Source/tasks.o
 .text.pxPortInitialiseStack
                0x00000000080021b8       0x68 Middlewares/Third_Party/FreeRTOS/Source/portable/GCC/ARM_CM4F/port.o
                0x00000000080021b8                pxPortInitialiseStack
 .text.prvTaskExitError
                0x0000000008002220       0x54 Middlewares/Third_Party/FreeRTOS/Source/portable/GCC/ARM_CM4F/port.o
 *fill*         0x0000000008002274        0xc 
 .text.SVC_Handler
                0x0000000008002280       0x28 Middlewares/Third_Party/FreeRTOS/Source/portable/GCC/ARM_CM4F/port.o
                0x0000000008002280                SVC_Handler
 .text.prvPortStartFirstTask
                0x00000000080022a8       0x28 Middlewares/Third_Party/FreeRTOS/Source/portable/GCC/ARM_CM4F/port.o
 .text.xPortStartScheduler
                0x00000000080022d0      0x13c Middlewares/Third_Party/FreeRTOS/Source/portable/GCC/ARM_CM4F/port.o
                0x00000000080022d0                xPortStartScheduler
 .text.vPortEnterCritical
                0x000000000800240c       0x5c Middlewares/Third_Party/FreeRTOS/Source/portable/GCC/ARM_CM4F/port.o
                0x000000000800240c                vPortEnterCritical
 .text.vPortExitCritical
                0x0000000008002468       0x50 Middlewares/Third_Party/FreeRTOS/Source/portable/GCC/ARM_CM4F/port.o
                0x0000000008002468                vPortExitCritical
 *fill*         0x00000000080024b8        0x8 
 .text.PendSV_Handler
                0x00000000080024c0       0x68 Middlewares/Third_Party/FreeRTOS/Source/portable/GCC/ARM_CM4F/port.o
                0x00000000080024c0                PendSV_Handler
 .text.xPortSysTickHandler
                0x0000000008002528       0x40 Middlewares/Third_Party/FreeRTOS/Source/portable/GCC/ARM_CM4F/port.o
                0x0000000008002528                xPortSysTickHandler
 .text.vPortSetupTimerInterrupt
                0x0000000008002568       0x48 Middlewares/Third_Party/FreeRTOS/Source/portable/GCC/ARM_CM4F/port.o
                0x0000000008002568                vPortSetupTimerInterrupt
 .text.vPortEnableVFP
                0x00000000080025b0       0x14 Middlewares/Third_Party/FreeRTOS/Source/portable/GCC/ARM_CM4F/port.o
 .text.pvPortMalloc
                0x00000000080025c4      0x184 Middlewares/Third_Party/FreeRTOS/Source/portable/MemMang/heap_4.o
                0x00000000080025c4                pvPortMalloc
 .text.vPortFree
                0x0000000008002748       0xb0 Middlewares/Third_Party/FreeRTOS/Source/portable/MemMang/heap_4.o
                0x0000000008002748                vPortFree
 .text.prvHeapInit
                0x00000000080027f8       0xc4 Middlewares/Third_Party/FreeRTOS/Source/portable/MemMang/heap_4.o
 .text.prvInsertBlockIntoFreeList
                0x00000000080028bc       0xb4 Middlewares/Third_Party/FreeRTOS/Source/portable/MemMang/heap_4.o
 .text.BtnPressTask
                0x0000000008002970       0xb0 src/btn.o
                0x0000000008002970                BtnPressTask
 .text.ClockConfig
                0x0000000008002a20       0x72 src/clock.o
                0x0000000008002a20                ClockConfig
 *fill*         0x0000000008002a92        0x2 
 .text.eprintf  0x0000000008002a94      0x3dc src/eprintf.o
                0x0000000008002a94                eprintf
 .text.LeftFill
                0x0000000008002e70       0xd4 src/eprintf.o
 .text.RightFill
                0x0000000008002f44       0x64 src/eprintf.o
 .text.LedBlinkTask
                0x0000000008002fa8       0x5c src/led.o
                0x0000000008002fa8                LedBlinkTask
 .text.main     0x0000000008003004       0xc0 src/main.o
                0x0000000008003004                main
 .text.OutTask  0x00000000080030c4       0x34 src/out.o
                0x00000000080030c4                OutTask
 .text.ProxTask
                0x00000000080030f8       0x64 src/sensor.o
                0x00000000080030f8                ProxTask
 .text.VL53L0X_PROXIMITY_Init
                0x000000000800315c       0xb0 src/sensor.o
 .text.VL53L0X_PROXIMITY_MspInit
                0x000000000800320c       0x3c src/sensor.o
 .text.VL53L0X_PROXIMITY_GetDistance
                0x0000000008003248       0x20 src/sensor.o
 .text.HAL_MspInit
                0x0000000008003268        0xe src/stm32l4xx_hal_msp.o
                0x0000000008003268                HAL_MspInit
 .text.SysTick_Handler
                0x0000000008003276       0x14 src/stm32l4xx_it.o
                0x0000000008003276                SysTick_Handler
 .text._read    0x000000000800328a       0x22 src/syscalls.o
                0x000000000800328a                _read
 .text._write   0x00000000080032ac       0x38 src/syscalls.o
                0x00000000080032ac                _write
 .text._sbrk    0x00000000080032e4       0x58 src/syscalls.o
                0x00000000080032e4                _sbrk
 .text._close   0x000000000800333c       0x18 src/syscalls.o
                0x000000000800333c                _close
 .text._fstat   0x0000000008003354       0x20 src/syscalls.o
                0x0000000008003354                _fstat
 .text._isatty  0x0000000008003374       0x16 src/syscalls.o
                0x0000000008003374                _isatty
 .text._lseek   0x000000000800338a       0x1a src/syscalls.o
                0x000000000800338a                _lseek
 .text.SystemInit
                0x00000000080033a4       0x6c src/system_stm32l4xx.o
                0x00000000080033a4                SystemInit
 .text.UartInit
                0x0000000008003410       0x58 src/uart.o
                0x0000000008003410                UartInit
 .text.UartCharWrite
                0x0000000008003468       0x2c src/uart.o
                0x0000000008003468                UartCharWrite
 .text.VL53L0X_GetDeviceInfo
                0x0000000008003494       0x26 src/vl53l0x_api.o
                0x0000000008003494                VL53L0X_GetDeviceInfo
 .text.VL53L0X_GetOffsetCalibrationDataMicroMeter
                0x00000000080034ba       0x26 src/vl53l0x_api.o
                0x00000000080034ba                VL53L0X_GetOffsetCalibrationDataMicroMeter
 .text.VL53L0X_DataInit
                0x00000000080034e0      0x214 src/vl53l0x_api.o
                0x00000000080034e0                VL53L0X_DataInit
 .text.VL53L0X_StaticInit
                0x00000000080036f4      0x304 src/vl53l0x_api.o
                0x00000000080036f4                VL53L0X_StaticInit
 .text.VL53L0X_GetDeviceParameters
                0x00000000080039f8      0x120 src/vl53l0x_api.o
                0x00000000080039f8                VL53L0X_GetDeviceParameters
 .text.VL53L0X_SetDeviceMode
                0x0000000008003b18       0x90 src/vl53l0x_api.o
                0x0000000008003b18                VL53L0X_SetDeviceMode
 .text.VL53L0X_GetDeviceMode
                0x0000000008003ba8       0x26 src/vl53l0x_api.o
                0x0000000008003ba8                VL53L0X_GetDeviceMode
 .text.VL53L0X_GetFractionEnable
                0x0000000008003bce       0x3e src/vl53l0x_api.o
                0x0000000008003bce                VL53L0X_GetFractionEnable
 .text.VL53L0X_SetMeasurementTimingBudgetMicroSeconds
                0x0000000008003c0c       0x26 src/vl53l0x_api.o
                0x0000000008003c0c                VL53L0X_SetMeasurementTimingBudgetMicroSeconds
 .text.VL53L0X_GetMeasurementTimingBudgetMicroSeconds
                0x0000000008003c32       0x26 src/vl53l0x_api.o
                0x0000000008003c32                VL53L0X_GetMeasurementTimingBudgetMicroSeconds
 .text.VL53L0X_SetVcselPulsePeriod
                0x0000000008003c58       0x30 src/vl53l0x_api.o
                0x0000000008003c58                VL53L0X_SetVcselPulsePeriod
 .text.VL53L0X_GetVcselPulsePeriod
                0x0000000008003c88       0x2e src/vl53l0x_api.o
                0x0000000008003c88                VL53L0X_GetVcselPulsePeriod
 *fill*         0x0000000008003cb6        0x2 
 .text.VL53L0X_SetSequenceStepEnable
                0x0000000008003cb8      0x144 src/vl53l0x_api.o
                0x0000000008003cb8                VL53L0X_SetSequenceStepEnable
 .text.sequence_step_enabled
                0x0000000008003dfc       0xa4 src/vl53l0x_api.o
                0x0000000008003dfc                sequence_step_enabled
 .text.VL53L0X_GetSequenceStepEnables
                0x0000000008003ea0       0xb0 src/vl53l0x_api.o
                0x0000000008003ea0                VL53L0X_GetSequenceStepEnables
 .text.VL53L0X_GetSequenceStepTimeout
                0x0000000008003f50       0x80 src/vl53l0x_api.o
                0x0000000008003f50                VL53L0X_GetSequenceStepTimeout
 .text.VL53L0X_GetInterMeasurementPeriodMilliSeconds
                0x0000000008003fd0       0x68 src/vl53l0x_api.o
                0x0000000008003fd0                VL53L0X_GetInterMeasurementPeriodMilliSeconds
 .text.VL53L0X_GetXTalkCompensationEnable
                0x0000000008004038       0x2a src/vl53l0x_api.o
                0x0000000008004038                VL53L0X_GetXTalkCompensationEnable
 .text.VL53L0X_GetXTalkCompensationRateMegaCps
                0x0000000008004062       0x66 src/vl53l0x_api.o
                0x0000000008004062                VL53L0X_GetXTalkCompensationRateMegaCps
 .text.VL53L0X_SetLimitCheckEnable
                0x00000000080040c8      0x118 src/vl53l0x_api.o
                0x00000000080040c8                VL53L0X_SetLimitCheckEnable
 .text.VL53L0X_GetLimitCheckEnable
                0x00000000080041e0       0x46 src/vl53l0x_api.o
                0x00000000080041e0                VL53L0X_GetLimitCheckEnable
 *fill*         0x0000000008004226        0x2 
 .text.VL53L0X_SetLimitCheckValue
                0x0000000008004228       0xc4 src/vl53l0x_api.o
                0x0000000008004228                VL53L0X_SetLimitCheckValue
 .text.VL53L0X_GetLimitCheckValue
                0x00000000080042ec      0x11c src/vl53l0x_api.o
                0x00000000080042ec                VL53L0X_GetLimitCheckValue
 .text.VL53L0X_GetWrapAroundCheckEnable
                0x0000000008004408       0x64 src/vl53l0x_api.o
                0x0000000008004408                VL53L0X_GetWrapAroundCheckEnable
 .text.VL53L0X_PerformSingleMeasurement
                0x000000000800446c       0x68 src/vl53l0x_api.o
                0x000000000800446c                VL53L0X_PerformSingleMeasurement
 .text.VL53L0X_PerformRefCalibration
                0x00000000080044d4       0x2c src/vl53l0x_api.o
                0x00000000080044d4                VL53L0X_PerformRefCalibration
 .text.VL53L0X_CheckAndLoadInterruptSettings
                0x0000000008004500       0xcc src/vl53l0x_api.o
                0x0000000008004500                VL53L0X_CheckAndLoadInterruptSettings
 .text.VL53L0X_StartMeasurement
                0x00000000080045cc      0x112 src/vl53l0x_api.o
                0x00000000080045cc                VL53L0X_StartMeasurement
 .text.VL53L0X_GetMeasurementDataReady
                0x00000000080046de       0x80 src/vl53l0x_api.o
                0x00000000080046de                VL53L0X_GetMeasurementDataReady
 *fill*         0x000000000800475e        0x2 
 .text.VL53L0X_GetRangingMeasurementData
                0x0000000008004760      0x24c src/vl53l0x_api.o
                0x0000000008004760                VL53L0X_GetRangingMeasurementData
 .text.VL53L0X_PerformSingleRangingMeasurement
                0x00000000080049ac       0x60 src/vl53l0x_api.o
                0x00000000080049ac                VL53L0X_PerformSingleRangingMeasurement
 .text.VL53L0X_SetGpioConfig
                0x0000000008004a0c      0x248 src/vl53l0x_api.o
                0x0000000008004a0c                VL53L0X_SetGpioConfig
 .text.VL53L0X_GetInterruptThresholds
                0x0000000008004c54       0x6c src/vl53l0x_api.o
                0x0000000008004c54                VL53L0X_GetInterruptThresholds
 .text.VL53L0X_ClearInterruptMask
                0x0000000008004cc0       0x80 src/vl53l0x_api.o
                0x0000000008004cc0                VL53L0X_ClearInterruptMask
 .text.VL53L0X_GetInterruptMaskStatus
                0x0000000008004d40       0x44 src/vl53l0x_api.o
                0x0000000008004d40                VL53L0X_GetInterruptMaskStatus
 .text.VL53L0X_PerformRefSpadManagement
                0x0000000008004d84       0x2a src/vl53l0x_api.o
                0x0000000008004d84                VL53L0X_PerformRefSpadManagement
 .text.VL53L0X_get_offset_calibration_data_micro_meter
                0x0000000008004dae       0x7e src/vl53l0x_api_calibration.o
                0x0000000008004dae                VL53L0X_get_offset_calibration_data_micro_meter
 .text.get_next_good_spad
                0x0000000008004e2c       0xbc src/vl53l0x_api_calibration.o
                0x0000000008004e2c                get_next_good_spad
 .text.is_aperture
                0x0000000008004ee8       0x34 src/vl53l0x_api_calibration.o
                0x0000000008004ee8                is_aperture
 .text.enable_spad_bit
                0x0000000008004f1c       0x70 src/vl53l0x_api_calibration.o
                0x0000000008004f1c                enable_spad_bit
 .text.set_ref_spad_map
                0x0000000008004f8c       0x26 src/vl53l0x_api_calibration.o
                0x0000000008004f8c                set_ref_spad_map
 .text.get_ref_spad_map
                0x0000000008004fb2       0x26 src/vl53l0x_api_calibration.o
                0x0000000008004fb2                get_ref_spad_map
 .text.enable_ref_spads
                0x0000000008004fd8       0xf8 src/vl53l0x_api_calibration.o
                0x0000000008004fd8                enable_ref_spads
 .text.perform_ref_signal_measurement
                0x00000000080050d0       0xd4 src/vl53l0x_api_calibration.o
                0x00000000080050d0                perform_ref_signal_measurement
 .text.VL53L0X_perform_ref_spad_management
                0x00000000080051a4      0x418 src/vl53l0x_api_calibration.o
                0x00000000080051a4                VL53L0X_perform_ref_spad_management
 .text.VL53L0X_set_reference_spads
                0x00000000080055bc      0x14a src/vl53l0x_api_calibration.o
                0x00000000080055bc                VL53L0X_set_reference_spads
 .text.VL53L0X_perform_single_ref_calibration
                0x0000000008005706       0x76 src/vl53l0x_api_calibration.o
                0x0000000008005706                VL53L0X_perform_single_ref_calibration
 .text.VL53L0X_ref_calibration_io
                0x000000000800577c      0x132 src/vl53l0x_api_calibration.o
                0x000000000800577c                VL53L0X_ref_calibration_io
 .text.VL53L0X_perform_vhv_calibration
                0x00000000080058ae       0xce src/vl53l0x_api_calibration.o
                0x00000000080058ae                VL53L0X_perform_vhv_calibration
 .text.VL53L0X_perform_phase_calibration
                0x000000000800597c       0xca src/vl53l0x_api_calibration.o
                0x000000000800597c                VL53L0X_perform_phase_calibration
 .text.VL53L0X_perform_ref_calibration
                0x0000000008005a46       0x7a src/vl53l0x_api_calibration.o
                0x0000000008005a46                VL53L0X_perform_ref_calibration
 .text.VL53L0X_measurement_poll_for_completion
                0x0000000008005ac0       0x5e src/vl53l0x_api_core.o
                0x0000000008005ac0                VL53L0X_measurement_poll_for_completion
 .text.VL53L0X_decode_vcsel_period
                0x0000000008005b1e       0x26 src/vl53l0x_api_core.o
                0x0000000008005b1e                VL53L0X_decode_vcsel_period
 .text.VL53L0X_encode_vcsel_period
                0x0000000008005b44       0x26 src/vl53l0x_api_core.o
                0x0000000008005b44                VL53L0X_encode_vcsel_period
 .text.VL53L0X_isqrt
                0x0000000008005b6a       0x68 src/vl53l0x_api_core.o
                0x0000000008005b6a                VL53L0X_isqrt
 .text.VL53L0X_device_read_strobe
                0x0000000008005bd2       0x82 src/vl53l0x_api_core.o
                0x0000000008005bd2                VL53L0X_device_read_strobe
 .text.VL53L0X_get_info_from_device
                0x0000000008005c54      0x99a src/vl53l0x_api_core.o
                0x0000000008005c54                VL53L0X_get_info_from_device
 .text.VL53L0X_calc_macro_period_ps
                0x00000000080065ee       0x3a src/vl53l0x_api_core.o
                0x00000000080065ee                VL53L0X_calc_macro_period_ps
 .text.VL53L0X_encode_timeout
                0x0000000008006628       0x58 src/vl53l0x_api_core.o
                0x0000000008006628                VL53L0X_encode_timeout
 .text.VL53L0X_decode_timeout
                0x0000000008006680       0x2c src/vl53l0x_api_core.o
                0x0000000008006680                VL53L0X_decode_timeout
 .text.VL53L0X_calc_timeout_mclks
                0x00000000080066ac       0x54 src/vl53l0x_api_core.o
                0x00000000080066ac                VL53L0X_calc_timeout_mclks
 .text.VL53L0X_calc_timeout_us
                0x0000000008006700       0x58 src/vl53l0x_api_core.o
                0x0000000008006700                VL53L0X_calc_timeout_us
 .text.get_sequence_step_timeout
                0x0000000008006758      0x1c2 src/vl53l0x_api_core.o
                0x0000000008006758                get_sequence_step_timeout
 .text.set_sequence_step_timeout
                0x000000000800691a      0x1e8 src/vl53l0x_api_core.o
                0x000000000800691a                set_sequence_step_timeout
 .text.VL53L0X_set_vcsel_pulse_period
                0x0000000008006b02      0x512 src/vl53l0x_api_core.o
                0x0000000008006b02                VL53L0X_set_vcsel_pulse_period
 .text.VL53L0X_get_vcsel_pulse_period
                0x0000000008007014       0x6e src/vl53l0x_api_core.o
                0x0000000008007014                VL53L0X_get_vcsel_pulse_period
 .text.VL53L0X_set_measurement_timing_budget_micro_seconds
                0x0000000008007082      0x1c0 src/vl53l0x_api_core.o
                0x0000000008007082                VL53L0X_set_measurement_timing_budget_micro_seconds
 .text.VL53L0X_get_measurement_timing_budget_micro_seconds
                0x0000000008007242      0x162 src/vl53l0x_api_core.o
                0x0000000008007242                VL53L0X_get_measurement_timing_budget_micro_seconds
 .text.VL53L0X_load_tuning_settings
                0x00000000080073a4      0x1c4 src/vl53l0x_api_core.o
                0x00000000080073a4                VL53L0X_load_tuning_settings
 .text.VL53L0X_get_total_xtalk_rate
                0x0000000008007568       0x5e src/vl53l0x_api_core.o
                0x0000000008007568                VL53L0X_get_total_xtalk_rate
 .text.VL53L0X_get_total_signal_rate
                0x00000000080075c6       0x4a src/vl53l0x_api_core.o
                0x00000000080075c6                VL53L0X_get_total_signal_rate
 .text.VL53L0X_calc_dmax
                0x0000000008007610      0x240 src/vl53l0x_api_core.o
                0x0000000008007610                VL53L0X_calc_dmax
 .text.VL53L0X_calc_sigma_estimate
                0x0000000008007850      0x430 src/vl53l0x_api_core.o
                0x0000000008007850                VL53L0X_calc_sigma_estimate
 .text.VL53L0X_get_pal_range_status
                0x0000000008007c80      0x3b6 src/vl53l0x_api_core.o
                0x0000000008007c80                VL53L0X_get_pal_range_status
 .text.VL53L0X_check_part_used
                0x0000000008008036       0x6a src/vl53l0x_api_strings.o
                0x0000000008008036                VL53L0X_check_part_used
 .text.VL53L0X_get_device_info
                0x00000000080080a0      0x108 src/vl53l0x_api_strings.o
                0x00000000080080a0                VL53L0X_get_device_info
 .text._I2CWrite
                0x00000000080081a8       0x3e src/vl53l0x_tof.o
                0x00000000080081a8                _I2CWrite
 .text._I2CRead
                0x00000000080081e6       0x44 src/vl53l0x_tof.o
                0x00000000080081e6                _I2CRead
 .text.VL53L0X_RdByte
                0x000000000800822a       0x54 src/vl53l0x_tof.o
                0x000000000800822a                VL53L0X_RdByte
 *fill*         0x000000000800827e        0x2 
 .text.VL53L0X_WriteMulti
                0x0000000008008280       0x60 src/vl53l0x_tof.o
                0x0000000008008280                VL53L0X_WriteMulti
 .text.VL53L0X_ReadMulti
                0x00000000080082e0       0x56 src/vl53l0x_tof.o
                0x00000000080082e0                VL53L0X_ReadMulti
 *fill*         0x0000000008008336        0x2 
 .text.VL53L0X_RdWord
                0x0000000008008338       0x70 src/vl53l0x_tof.o
                0x0000000008008338                VL53L0X_RdWord
 .text.VL53L0X_RdDWord
                0x00000000080083a8       0x78 src/vl53l0x_tof.o
                0x00000000080083a8                VL53L0X_RdDWord
 .text.VL53L0X_WrByte
                0x0000000008008420       0x48 src/vl53l0x_tof.o
                0x0000000008008420                VL53L0X_WrByte
 .text.VL53L0X_WrWord
                0x0000000008008468       0x54 src/vl53l0x_tof.o
                0x0000000008008468                VL53L0X_WrWord
 .text.VL53L0X_UpdateByte
                0x00000000080084bc       0x68 src/vl53l0x_tof.o
                0x00000000080084bc                VL53L0X_UpdateByte
 .text.VL53L0X_PollingDelay
                0x0000000008008524       0x1e src/vl53l0x_tof.o
                0x0000000008008524                VL53L0X_PollingDelay
 *fill*         0x0000000008008542        0x2 
 .text.SetupSingleShot
                0x0000000008008544      0x1bc src/vl53l0x_tof.o
                0x0000000008008544                SetupSingleShot
 .text.Reset_Handler
                0x0000000008008700       0x50 startup/startup_stm32l475xx.o
                0x0000000008008700                Reset_Handler
 .text.Default_Handler
                0x0000000008008750        0x2 startup/startup_stm32l475xx.o
                0x0000000008008750                RTC_Alarm_IRQHandler
                0x0000000008008750                EXTI2_IRQHandler
                0x0000000008008750                TIM8_TRG_COM_IRQHandler
                0x0000000008008750                TIM8_CC_IRQHandler
                0x0000000008008750                DebugMon_Handler
                0x0000000008008750                TIM1_CC_IRQHandler
                0x0000000008008750                TSC_IRQHandler
                0x0000000008008750                HardFault_Handler
                0x0000000008008750                TAMP_STAMP_IRQHandler
                0x0000000008008750                NMI_Handler
                0x0000000008008750                EXTI3_IRQHandler
                0x0000000008008750                LPTIM2_IRQHandler
                0x0000000008008750                DFSDM1_FLT1_IRQHandler
                0x0000000008008750                I2C3_ER_IRQHandler
                0x0000000008008750                DFSDM1_FLT2_IRQHandler
                0x0000000008008750                EXTI0_IRQHandler
                0x0000000008008750                I2C2_EV_IRQHandler
                0x0000000008008750                CAN1_RX0_IRQHandler
                0x0000000008008750                FPU_IRQHandler
                0x0000000008008750                TIM1_UP_TIM16_IRQHandler
                0x0000000008008750                UsageFault_Handler
                0x0000000008008750                ADC1_2_IRQHandler
                0x0000000008008750                SPI1_IRQHandler
                0x0000000008008750                TIM6_DAC_IRQHandler
                0x0000000008008750                TIM8_UP_IRQHandler
                0x0000000008008750                DMA2_Channel2_IRQHandler
                0x0000000008008750                DMA1_Channel4_IRQHandler
                0x0000000008008750                SAI2_IRQHandler
                0x0000000008008750                DFSDM1_FLT3_IRQHandler
                0x0000000008008750                USART3_IRQHandler
                0x0000000008008750                DMA1_Channel7_IRQHandler
                0x0000000008008750                CAN1_RX1_IRQHandler
                0x0000000008008750                UART5_IRQHandler
                0x0000000008008750                ADC3_IRQHandler
                0x0000000008008750                TIM4_IRQHandler
                0x0000000008008750                DMA2_Channel1_IRQHandler
                0x0000000008008750                QUADSPI_IRQHandler
                0x0000000008008750                I2C1_EV_IRQHandler
                0x0000000008008750                DMA1_Channel6_IRQHandler
                0x0000000008008750                UART4_IRQHandler
                0x0000000008008750                DMA2_Channel4_IRQHandler
                0x0000000008008750                TIM3_IRQHandler
                0x0000000008008750                RCC_IRQHandler
                0x0000000008008750                DMA1_Channel1_IRQHandler
                0x0000000008008750                Default_Handler
                0x0000000008008750                DMA2_Channel7_IRQHandler
                0x0000000008008750                EXTI15_10_IRQHandler
                0x0000000008008750                TIM7_IRQHandler
                0x0000000008008750                SDMMC1_IRQHandler
                0x0000000008008750                TIM5_IRQHandler
                0x0000000008008750                I2C3_EV_IRQHandler
                0x0000000008008750                EXTI9_5_IRQHandler
                0x0000000008008750                RTC_WKUP_IRQHandler
                0x0000000008008750                PVD_PVM_IRQHandler
                0x0000000008008750                SPI2_IRQHandler
                0x0000000008008750                MemManage_Handler
                0x0000000008008750                CAN1_TX_IRQHandler
                0x0000000008008750                DMA2_Channel5_IRQHandler
                0x0000000008008750                DMA1_Channel5_IRQHandler
                0x0000000008008750                EXTI4_IRQHandler
                0x0000000008008750                RNG_IRQHandler
                0x0000000008008750                TIM1_TRG_COM_TIM17_IRQHandler
                0x0000000008008750                DMA1_Channel3_IRQHandler
                0x0000000008008750                COMP_IRQHandler
                0x0000000008008750                WWDG_IRQHandler
                0x0000000008008750                LPUART1_IRQHandler
                0x0000000008008750                DMA2_Channel6_IRQHandler
                0x0000000008008750                TIM2_IRQHandler
                0x0000000008008750                EXTI1_IRQHandler
                0x0000000008008750                USART2_IRQHandler
                0x0000000008008750                DFSDM1_FLT0_IRQHandler
                0x0000000008008750                I2C2_ER_IRQHandler
                0x0000000008008750                DMA1_Channel2_IRQHandler
                0x0000000008008750                TIM8_BRK_IRQHandler
                0x0000000008008750                CAN1_SCE_IRQHandler
                0x0000000008008750                FLASH_IRQHandler
                0x0000000008008750                BusFault_Handler
                0x0000000008008750                USART1_IRQHandler
                0x0000000008008750                OTG_FS_IRQHandler
                0x0000000008008750                SPI3_IRQHandler
                0x0000000008008750                I2C1_ER_IRQHandler
                0x0000000008008750                FMC_IRQHandler
                0x0000000008008750                SWPMI1_IRQHandler
                0x0000000008008750                LPTIM1_IRQHandler
                0x0000000008008750                SAI1_IRQHandler
                0x0000000008008750                DMA2_Channel3_IRQHandler
                0x0000000008008750                TIM1_BRK_TIM15_IRQHandler
 .text.HAL_Init
                0x0000000008008752       0x30 /home/shaydon/projects/stm32_workspace/b-l475e-iot01a1_hal_lib/Debug/libb-l475e-iot01a1_hal_lib.a(stm32l4xx_hal.o)
                0x0000000008008752                HAL_Init
 *fill*         0x0000000008008782        0x2 
 .text.HAL_InitTick
                0x0000000008008784       0x48 /home/shaydon/projects/stm32_workspace/b-l475e-iot01a1_hal_lib/Debug/libb-l475e-iot01a1_hal_lib.a(stm32l4xx_hal.o)
                0x0000000008008784                HAL_InitTick
 .text.HAL_IncTick
                0x00000000080087cc       0x1c /home/shaydon/projects/stm32_workspace/b-l475e-iot01a1_hal_lib/Debug/libb-l475e-iot01a1_hal_lib.a(stm32l4xx_hal.o)
                0x00000000080087cc                HAL_IncTick
 .text.HAL_GetTick
                0x00000000080087e8       0x18 /home/shaydon/projects/stm32_workspace/b-l475e-iot01a1_hal_lib/Debug/libb-l475e-iot01a1_hal_lib.a(stm32l4xx_hal.o)
                0x00000000080087e8                HAL_GetTick
 .text.HAL_Delay
                0x0000000008008800       0x3a /home/shaydon/projects/stm32_workspace/b-l475e-iot01a1_hal_lib/Debug/libb-l475e-iot01a1_hal_lib.a(stm32l4xx_hal.o)
                0x0000000008008800                HAL_Delay
 *fill*         0x000000000800883a        0x2 
 .text.NVIC_SetPriorityGrouping
                0x000000000800883c       0x48 /home/shaydon/projects/stm32_workspace/b-l475e-iot01a1_hal_lib/Debug/libb-l475e-iot01a1_hal_lib.a(stm32l4xx_hal_cortex.o)
 .text.NVIC_GetPriorityGrouping
                0x0000000008008884       0x1c /home/shaydon/projects/stm32_workspace/b-l475e-iot01a1_hal_lib/Debug/libb-l475e-iot01a1_hal_lib.a(stm32l4xx_hal_cortex.o)
 .text.NVIC_EnableIRQ
                0x00000000080088a0       0x34 /home/shaydon/projects/stm32_workspace/b-l475e-iot01a1_hal_lib/Debug/libb-l475e-iot01a1_hal_lib.a(stm32l4xx_hal_cortex.o)
 .text.NVIC_SetPriority
                0x00000000080088d4       0x54 /home/shaydon/projects/stm32_workspace/b-l475e-iot01a1_hal_lib/Debug/libb-l475e-iot01a1_hal_lib.a(stm32l4xx_hal_cortex.o)
 .text.NVIC_EncodePriority
                0x0000000008008928       0x66 /home/shaydon/projects/stm32_workspace/b-l475e-iot01a1_hal_lib/Debug/libb-l475e-iot01a1_hal_lib.a(stm32l4xx_hal_cortex.o)
 *fill*         0x000000000800898e        0x2 
 .text.SysTick_Config
                0x0000000008008990       0x44 /home/shaydon/projects/stm32_workspace/b-l475e-iot01a1_hal_lib/Debug/libb-l475e-iot01a1_hal_lib.a(stm32l4xx_hal_cortex.o)
 .text.HAL_NVIC_SetPriorityGrouping
                0x00000000080089d4       0x16 /home/shaydon/projects/stm32_workspace/b-l475e-iot01a1_hal_lib/Debug/libb-l475e-iot01a1_hal_lib.a(stm32l4xx_hal_cortex.o)
                0x00000000080089d4                HAL_NVIC_SetPriorityGrouping
 .text.HAL_NVIC_SetPriority
                0x00000000080089ea       0x38 /home/shaydon/projects/stm32_workspace/b-l475e-iot01a1_hal_lib/Debug/libb-l475e-iot01a1_hal_lib.a(stm32l4xx_hal_cortex.o)
                0x00000000080089ea                HAL_NVIC_SetPriority
 .text.HAL_NVIC_EnableIRQ
                0x0000000008008a22       0x1c /home/shaydon/projects/stm32_workspace/b-l475e-iot01a1_hal_lib/Debug/libb-l475e-iot01a1_hal_lib.a(stm32l4xx_hal_cortex.o)
                0x0000000008008a22                HAL_NVIC_EnableIRQ
 .text.HAL_SYSTICK_Config
                0x0000000008008a3e       0x18 /home/shaydon/projects/stm32_workspace/b-l475e-iot01a1_hal_lib/Debug/libb-l475e-iot01a1_hal_lib.a(stm32l4xx_hal_cortex.o)
                0x0000000008008a3e                HAL_SYSTICK_Config
 .text.HAL_SYSTICK_IRQHandler
                0x0000000008008a56        0xc /home/shaydon/projects/stm32_workspace/b-l475e-iot01a1_hal_lib/Debug/libb-l475e-iot01a1_hal_lib.a(stm32l4xx_hal_cortex.o)
                0x0000000008008a56                HAL_SYSTICK_IRQHandler
 .text.HAL_SYSTICK_Callback
                0x0000000008008a62        0xe /home/shaydon/projects/stm32_workspace/b-l475e-iot01a1_hal_lib/Debug/libb-l475e-iot01a1_hal_lib.a(stm32l4xx_hal_cortex.o)
                0x0000000008008a62                HAL_SYSTICK_Callback
 .text.HAL_GPIO_Init
                0x0000000008008a70      0x350 /home/shaydon/projects/stm32_workspace/b-l475e-iot01a1_hal_lib/Debug/libb-l475e-iot01a1_hal_lib.a(stm32l4xx_hal_gpio.o)
                0x0000000008008a70                HAL_GPIO_Init
 .text.HAL_GPIO_ReadPin
                0x0000000008008dc0       0x30 /home/shaydon/projects/stm32_workspace/b-l475e-iot01a1_hal_lib/Debug/libb-l475e-iot01a1_hal_lib.a(stm32l4xx_hal_gpio.o)
                0x0000000008008dc0                HAL_GPIO_ReadPin
 .text.HAL_GPIO_WritePin
                0x0000000008008df0       0x30 /home/shaydon/projects/stm32_workspace/b-l475e-iot01a1_hal_lib/Debug/libb-l475e-iot01a1_hal_lib.a(stm32l4xx_hal_gpio.o)
                0x0000000008008df0                HAL_GPIO_WritePin
 .text.HAL_GPIO_TogglePin
                0x0000000008008e20       0x24 /home/shaydon/projects/stm32_workspace/b-l475e-iot01a1_hal_lib/Debug/libb-l475e-iot01a1_hal_lib.a(stm32l4xx_hal_gpio.o)
                0x0000000008008e20                HAL_GPIO_TogglePin
 .text.HAL_I2C_Init
                0x0000000008008e44      0x11e /home/shaydon/projects/stm32_workspace/b-l475e-iot01a1_hal_lib/Debug/libb-l475e-iot01a1_hal_lib.a(stm32l4xx_hal_i2c.o)
                0x0000000008008e44                HAL_I2C_Init
 .text.HAL_I2C_DeInit
                0x0000000008008f62       0x5e /home/shaydon/projects/stm32_workspace/b-l475e-iot01a1_hal_lib/Debug/libb-l475e-iot01a1_hal_lib.a(stm32l4xx_hal_i2c.o)
                0x0000000008008f62                HAL_I2C_DeInit
 .text.HAL_I2C_MspInit
                0x0000000008008fc0       0x14 /home/shaydon/projects/stm32_workspace/b-l475e-iot01a1_hal_lib/Debug/libb-l475e-iot01a1_hal_lib.a(stm32l4xx_hal_i2c.o)
                0x0000000008008fc0                HAL_I2C_MspInit
 .text.HAL_I2C_MspDeInit
                0x0000000008008fd4       0x14 /home/shaydon/projects/stm32_workspace/b-l475e-iot01a1_hal_lib/Debug/libb-l475e-iot01a1_hal_lib.a(stm32l4xx_hal_i2c.o)
                0x0000000008008fd4                HAL_I2C_MspDeInit
 .text.HAL_I2C_Master_Transmit
                0x0000000008008fe8      0x1e8 /home/shaydon/projects/stm32_workspace/b-l475e-iot01a1_hal_lib/Debug/libb-l475e-iot01a1_hal_lib.a(stm32l4xx_hal_i2c.o)
                0x0000000008008fe8                HAL_I2C_Master_Transmit
 .text.HAL_I2C_Master_Receive
                0x00000000080091d0      0x1ec /home/shaydon/projects/stm32_workspace/b-l475e-iot01a1_hal_lib/Debug/libb-l475e-iot01a1_hal_lib.a(stm32l4xx_hal_i2c.o)
                0x00000000080091d0                HAL_I2C_Master_Receive
 .text.HAL_I2C_Mem_Write
                0x00000000080093bc      0x228 /home/shaydon/projects/stm32_workspace/b-l475e-iot01a1_hal_lib/Debug/libb-l475e-iot01a1_hal_lib.a(stm32l4xx_hal_i2c.o)
                0x00000000080093bc                HAL_I2C_Mem_Write
 .text.HAL_I2C_Mem_Read
                0x00000000080095e4      0x234 /home/shaydon/projects/stm32_workspace/b-l475e-iot01a1_hal_lib/Debug/libb-l475e-iot01a1_hal_lib.a(stm32l4xx_hal_i2c.o)
                0x00000000080095e4                HAL_I2C_Mem_Read
 .text.I2C_RequestMemoryWrite
                0x0000000008009818       0xa8 /home/shaydon/projects/stm32_workspace/b-l475e-iot01a1_hal_lib/Debug/libb-l475e-iot01a1_hal_lib.a(stm32l4xx_hal_i2c.o)
 .text.I2C_RequestMemoryRead
                0x00000000080098c0       0xa8 /home/shaydon/projects/stm32_workspace/b-l475e-iot01a1_hal_lib/Debug/libb-l475e-iot01a1_hal_lib.a(stm32l4xx_hal_i2c.o)
 .text.I2C_Flush_TXDR
                0x0000000008009968       0x48 /home/shaydon/projects/stm32_workspace/b-l475e-iot01a1_hal_lib/Debug/libb-l475e-iot01a1_hal_lib.a(stm32l4xx_hal_i2c.o)
 .text.I2C_WaitOnFlagUntilTimeout
                0x00000000080099b0       0x80 /home/shaydon/projects/stm32_workspace/b-l475e-iot01a1_hal_lib/Debug/libb-l475e-iot01a1_hal_lib.a(stm32l4xx_hal_i2c.o)
 .text.I2C_WaitOnTXISFlagUntilTimeout
                0x0000000008009a30       0x80 /home/shaydon/projects/stm32_workspace/b-l475e-iot01a1_hal_lib/Debug/libb-l475e-iot01a1_hal_lib.a(stm32l4xx_hal_i2c.o)
 .text.I2C_WaitOnSTOPFlagUntilTimeout
                0x0000000008009ab0       0x78 /home/shaydon/projects/stm32_workspace/b-l475e-iot01a1_hal_lib/Debug/libb-l475e-iot01a1_hal_lib.a(stm32l4xx_hal_i2c.o)
 .text.I2C_WaitOnRXNEFlagUntilTimeout
                0x0000000008009b28       0xd8 /home/shaydon/projects/stm32_workspace/b-l475e-iot01a1_hal_lib/Debug/libb-l475e-iot01a1_hal_lib.a(stm32l4xx_hal_i2c.o)
 .text.I2C_IsAcknowledgeFailed
                0x0000000008009c00       0xcc /home/shaydon/projects/stm32_workspace/b-l475e-iot01a1_hal_lib/Debug/libb-l475e-iot01a1_hal_lib.a(stm32l4xx_hal_i2c.o)
 .text.I2C_TransferConfig
                0x0000000008009ccc       0x5c /home/shaydon/projects/stm32_workspace/b-l475e-iot01a1_hal_lib/Debug/libb-l475e-iot01a1_hal_lib.a(stm32l4xx_hal_i2c.o)
 .text.HAL_RCC_OscConfig
                0x0000000008009d28      0x6c8 /home/shaydon/projects/stm32_workspace/b-l475e-iot01a1_hal_lib/Debug/libb-l475e-iot01a1_hal_lib.a(stm32l4xx_hal_rcc.o)
                0x0000000008009d28                HAL_RCC_OscConfig
 .text.HAL_RCC_ClockConfig
                0x000000000800a3f0      0x1bc /home/shaydon/projects/stm32_workspace/b-l475e-iot01a1_hal_lib/Debug/libb-l475e-iot01a1_hal_lib.a(stm32l4xx_hal_rcc.o)
                0x000000000800a3f0                HAL_RCC_ClockConfig
 .text.HAL_RCC_GetSysClockFreq
                0x000000000800a5ac      0x138 /home/shaydon/projects/stm32_workspace/b-l475e-iot01a1_hal_lib/Debug/libb-l475e-iot01a1_hal_lib.a(stm32l4xx_hal_rcc.o)
                0x000000000800a5ac                HAL_RCC_GetSysClockFreq
 .text.HAL_RCC_GetHCLKFreq
                0x000000000800a6e4       0x18 /home/shaydon/projects/stm32_workspace/b-l475e-iot01a1_hal_lib/Debug/libb-l475e-iot01a1_hal_lib.a(stm32l4xx_hal_rcc.o)
                0x000000000800a6e4                HAL_RCC_GetHCLKFreq
 .text.HAL_RCC_GetPCLK1Freq
                0x000000000800a6fc       0x2c /home/shaydon/projects/stm32_workspace/b-l475e-iot01a1_hal_lib/Debug/libb-l475e-iot01a1_hal_lib.a(stm32l4xx_hal_rcc.o)
                0x000000000800a6fc                HAL_RCC_GetPCLK1Freq
 .text.HAL_RCC_GetPCLK2Freq
                0x000000000800a728       0x2c /home/shaydon/projects/stm32_workspace/b-l475e-iot01a1_hal_lib/Debug/libb-l475e-iot01a1_hal_lib.a(stm32l4xx_hal_rcc.o)
                0x000000000800a728                HAL_RCC_GetPCLK2Freq
 .text.RCC_SetFlashLatencyFromMSIRange
                0x000000000800a754       0xc0 /home/shaydon/projects/stm32_workspace/b-l475e-iot01a1_hal_lib/Debug/libb-l475e-iot01a1_hal_lib.a(stm32l4xx_hal_rcc.o)
 .text.HAL_UART_Init
                0x000000000800a814       0xa2 /home/shaydon/projects/stm32_workspace/b-l475e-iot01a1_hal_lib/Debug/libb-l475e-iot01a1_hal_lib.a(stm32l4xx_hal_uart.o)
                0x000000000800a814                HAL_UART_Init
 .text.HAL_UART_MspInit
                0x000000000800a8b6       0x14 /home/shaydon/projects/stm32_workspace/b-l475e-iot01a1_hal_lib/Debug/libb-l475e-iot01a1_hal_lib.a(stm32l4xx_hal_uart.o)
                0x000000000800a8b6                HAL_UART_MspInit
 .text.HAL_UART_Transmit
                0x000000000800a8ca      0x11a /home/shaydon/projects/stm32_workspace/b-l475e-iot01a1_hal_lib/Debug/libb-l475e-iot01a1_hal_lib.a(stm32l4xx_hal_uart.o)
                0x000000000800a8ca                HAL_UART_Transmit
 .text.UART_SetConfig
                0x000000000800a9e4      0x698 /home/shaydon/projects/stm32_workspace/b-l475e-iot01a1_hal_lib/Debug/libb-l475e-iot01a1_hal_lib.a(stm32l4xx_hal_uart.o)
                0x000000000800a9e4                UART_SetConfig
 .text.UART_AdvFeatureConfig
                0x000000000800b07c      0x144 /home/shaydon/projects/stm32_workspace/b-l475e-iot01a1_hal_lib/Debug/libb-l475e-iot01a1_hal_lib.a(stm32l4xx_hal_uart.o)
                0x000000000800b07c                UART_AdvFeatureConfig
 .text.UART_CheckIdleState
                0x000000000800b1c0       0x92 /home/shaydon/projects/stm32_workspace/b-l475e-iot01a1_hal_lib/Debug/libb-l475e-iot01a1_hal_lib.a(stm32l4xx_hal_uart.o)
                0x000000000800b1c0                UART_CheckIdleState
 .text.UART_WaitOnFlagUntilTimeout
                0x000000000800b252       0x94 /home/shaydon/projects/stm32_workspace/b-l475e-iot01a1_hal_lib/Debug/libb-l475e-iot01a1_hal_lib.a(stm32l4xx_hal_uart.o)
                0x000000000800b252                UART_WaitOnFlagUntilTimeout
 *fill*         0x000000000800b2e6        0x2 
 .text.BSP_LED_Init
                0x000000000800b2e8       0x60 /home/shaydon/projects/stm32_workspace/b-l475e-iot01a1_hal_lib/Debug/libb-l475e-iot01a1_hal_lib.a(stm32l475e_iot01.o)
                0x000000000800b2e8                BSP_LED_Init
 .text.BSP_LED_Toggle
                0x000000000800b348       0x2c /home/shaydon/projects/stm32_workspace/b-l475e-iot01a1_hal_lib/Debug/libb-l475e-iot01a1_hal_lib.a(stm32l475e_iot01.o)
                0x000000000800b348                BSP_LED_Toggle
 .text.BSP_PB_Init
                0x000000000800b374       0xac /home/shaydon/projects/stm32_workspace/b-l475e-iot01a1_hal_lib/Debug/libb-l475e-iot01a1_hal_lib.a(stm32l475e_iot01.o)
                0x000000000800b374                BSP_PB_Init
 .text.BSP_PB_GetState
                0x000000000800b420       0x2c /home/shaydon/projects/stm32_workspace/b-l475e-iot01a1_hal_lib/Debug/libb-l475e-iot01a1_hal_lib.a(stm32l475e_iot01.o)
                0x000000000800b420                BSP_PB_GetState
 .text.BSP_COM_Init
                0x000000000800b44c       0xd8 /home/shaydon/projects/stm32_workspace/b-l475e-iot01a1_hal_lib/Debug/libb-l475e-iot01a1_hal_lib.a(stm32l475e_iot01.o)
                0x000000000800b44c                BSP_COM_Init
 .text.I2Cx_MspInit
                0x000000000800b524       0xb0 /home/shaydon/projects/stm32_workspace/b-l475e-iot01a1_hal_lib/Debug/libb-l475e-iot01a1_hal_lib.a(stm32l475e_iot01.o)
 .text.I2Cx_Init
                0x000000000800b5d4       0x5c /home/shaydon/projects/stm32_workspace/b-l475e-iot01a1_hal_lib/Debug/libb-l475e-iot01a1_hal_lib.a(stm32l475e_iot01.o)
 .text.I2Cx_ReadMultiple
                0x000000000800b630       0x5a /home/shaydon/projects/stm32_workspace/b-l475e-iot01a1_hal_lib/Debug/libb-l475e-iot01a1_hal_lib.a(stm32l475e_iot01.o)
 .text.I2Cx_WriteMultiple
                0x000000000800b68a       0x5a /home/shaydon/projects/stm32_workspace/b-l475e-iot01a1_hal_lib/Debug/libb-l475e-iot01a1_hal_lib.a(stm32l475e_iot01.o)
 .text.I2Cx_Error
                0x000000000800b6e4       0x20 /home/shaydon/projects/stm32_workspace/b-l475e-iot01a1_hal_lib/Debug/libb-l475e-iot01a1_hal_lib.a(stm32l475e_iot01.o)
 .text.SENSOR_IO_Init
                0x000000000800b704       0x14 /home/shaydon/projects/stm32_workspace/b-l475e-iot01a1_hal_lib/Debug/libb-l475e-iot01a1_hal_lib.a(stm32l475e_iot01.o)
                0x000000000800b704                SENSOR_IO_Init
 .text.SENSOR_IO_Write
                0x000000000800b718       0x34 /home/shaydon/projects/stm32_workspace/b-l475e-iot01a1_hal_lib/Debug/libb-l475e-iot01a1_hal_lib.a(stm32l475e_iot01.o)
                0x000000000800b718                SENSOR_IO_Write
 .text.SENSOR_IO_Read
                0x000000000800b74c       0x3c /home/shaydon/projects/stm32_workspace/b-l475e-iot01a1_hal_lib/Debug/libb-l475e-iot01a1_hal_lib.a(stm32l475e_iot01.o)
                0x000000000800b74c                SENSOR_IO_Read
 .text.SENSOR_IO_ReadMultiple
                0x000000000800b788       0x3c /home/shaydon/projects/stm32_workspace/b-l475e-iot01a1_hal_lib/Debug/libb-l475e-iot01a1_hal_lib.a(stm32l475e_iot01.o)
                0x000000000800b788                SENSOR_IO_ReadMultiple
 .text.BSP_HSENSOR_Init
                0x000000000800b7c4       0x40 /home/shaydon/projects/stm32_workspace/b-l475e-iot01a1_hal_lib/Debug/libb-l475e-iot01a1_hal_lib.a(stm32l475e_iot01_hsensor.o)
                0x000000000800b7c4                BSP_HSENSOR_Init
 .text.BSP_HSENSOR_ReadHumidity
                0x000000000800b804       0x1c /home/shaydon/projects/stm32_workspace/b-l475e-iot01a1_hal_lib/Debug/libb-l475e-iot01a1_hal_lib.a(stm32l475e_iot01_hsensor.o)
                0x000000000800b804                BSP_HSENSOR_ReadHumidity
 .text.BSP_TSENSOR_Init
                0x000000000800b820       0x38 /home/shaydon/projects/stm32_workspace/b-l475e-iot01a1_hal_lib/Debug/libb-l475e-iot01a1_hal_lib.a(stm32l475e_iot01_tsensor.o)
                0x000000000800b820                BSP_TSENSOR_Init
 .text.BSP_TSENSOR_ReadTemp
                0x000000000800b858       0x1c /home/shaydon/projects/stm32_workspace/b-l475e-iot01a1_hal_lib/Debug/libb-l475e-iot01a1_hal_lib.a(stm32l475e_iot01_tsensor.o)
                0x000000000800b858                BSP_TSENSOR_ReadTemp
 .text.HTS221_H_Init
                0x000000000800b874       0x58 /home/shaydon/projects/stm32_workspace/b-l475e-iot01a1_hal_lib/Debug/libb-l475e-iot01a1_hal_lib.a(hts221.o)
                0x000000000800b874                HTS221_H_Init
 .text.HTS221_H_ReadID
                0x000000000800b8cc       0x2c /home/shaydon/projects/stm32_workspace/b-l475e-iot01a1_hal_lib/Debug/libb-l475e-iot01a1_hal_lib.a(hts221.o)
                0x000000000800b8cc                HTS221_H_ReadID
 .text.HTS221_H_ReadHumidity
                0x000000000800b8f8      0x138 /home/shaydon/projects/stm32_workspace/b-l475e-iot01a1_hal_lib/Debug/libb-l475e-iot01a1_hal_lib.a(hts221.o)
                0x000000000800b8f8                HTS221_H_ReadHumidity
 .text.HTS221_T_Init
                0x000000000800ba30       0x5a /home/shaydon/projects/stm32_workspace/b-l475e-iot01a1_hal_lib/Debug/libb-l475e-iot01a1_hal_lib.a(hts221.o)
                0x000000000800ba30                HTS221_T_Init
 .text.HTS221_T_ReadTemp
                0x000000000800ba8a      0x10e /home/shaydon/projects/stm32_workspace/b-l475e-iot01a1_hal_lib/Debug/libb-l475e-iot01a1_hal_lib.a(hts221.o)
                0x000000000800ba8a                HTS221_T_ReadTemp
 .text.HAL_I2CEx_ConfigAnalogFilter
                0x000000000800bb98       0x96 /home/shaydon/projects/stm32_workspace/b-l475e-iot01a1_hal_lib/Debug/libb-l475e-iot01a1_hal_lib.a(stm32l4xx_hal_i2c_ex.o)
                0x000000000800bb98                HAL_I2CEx_ConfigAnalogFilter
 *fill*         0x000000000800bc2e        0x2 
 .text.HAL_PWREx_GetVoltageRange
                0x000000000800bc30       0x1c /home/shaydon/projects/stm32_workspace/b-l475e-iot01a1_hal_lib/Debug/libb-l475e-iot01a1_hal_lib.a(stm32l4xx_hal_pwr_ex.o)
                0x000000000800bc30                HAL_PWREx_GetVoltageRange
 .text.__errno  0x000000000800bc4c        0xc /home/shaydon/Ac6/SystemWorkbench/plugins/fr.ac6.mcu.externaltools.arm-none.linux64_1.17.0.201812190825/tools/compiler/bin/../lib/gcc/arm-none-eabi/7.3.1/../../../../arm-none-eabi/lib/thumb/v7e-m/fpv4-sp/hard/libc.a(lib_a-errno.o)
                0x000000000800bc4c                __errno
 .text.__libc_init_array
                0x000000000800bc58       0x48 /home/shaydon/Ac6/SystemWorkbench/plugins/fr.ac6.mcu.externaltools.arm-none.linux64_1.17.0.201812190825/tools/compiler/bin/../lib/gcc/arm-none-eabi/7.3.1/../../../../arm-none-eabi/lib/thumb/v7e-m/fpv4-sp/hard/libc.a(lib_a-init.o)
                0x000000000800bc58                __libc_init_array
 .text.memset   0x000000000800bca0       0x94 /home/shaydon/Ac6/SystemWorkbench/plugins/fr.ac6.mcu.externaltools.arm-none.linux64_1.17.0.201812190825/tools/compiler/bin/../lib/gcc/arm-none-eabi/7.3.1/../../../../arm-none-eabi/lib/thumb/v7e-m/fpv4-sp/hard/libc.a(lib_a-memset.o)
                0x000000000800bca0                memset
 .text._puts_r  0x000000000800bd34       0x9c /home/shaydon/Ac6/SystemWorkbench/plugins/fr.ac6.mcu.externaltools.arm-none.linux64_1.17.0.201812190825/tools/compiler/bin/../lib/gcc/arm-none-eabi/7.3.1/../../../../arm-none-eabi/lib/thumb/v7e-m/fpv4-sp/hard/libc.a(lib_a-puts.o)
                0x000000000800bd34                _puts_r
 .text.puts     0x000000000800bdd0       0x10 /home/shaydon/Ac6/SystemWorkbench/plugins/fr.ac6.mcu.externaltools.arm-none.linux64_1.17.0.201812190825/tools/compiler/bin/../lib/gcc/arm-none-eabi/7.3.1/../../../../arm-none-eabi/lib/thumb/v7e-m/fpv4-sp/hard/libc.a(lib_a-puts.o)
                0x000000000800bdd0                puts
 .text.strcpy   0x000000000800bde0       0xbc /home/shaydon/Ac6/SystemWorkbench/plugins/fr.ac6.mcu.externaltools.arm-none.linux64_1.17.0.201812190825/tools/compiler/bin/../lib/gcc/arm-none-eabi/7.3.1/../../../../arm-none-eabi/lib/thumb/v7e-m/fpv4-sp/hard/libc.a(lib_a-strcpy.o)
                0x000000000800bde0                strcpy
 .text.startup.register_fini
                0x000000000800be9c       0x14 /home/shaydon/Ac6/SystemWorkbench/plugins/fr.ac6.mcu.externaltools.arm-none.linux64_1.17.0.201812190825/tools/compiler/bin/../lib/gcc/arm-none-eabi/7.3.1/../../../../arm-none-eabi/lib/thumb/v7e-m/fpv4-sp/hard/libc.a(lib_a-__call_atexit.o)
 .text.atexit   0x000000000800beb0        0xc /home/shaydon/Ac6/SystemWorkbench/plugins/fr.ac6.mcu.externaltools.arm-none.linux64_1.17.0.201812190825/tools/compiler/bin/../lib/gcc/arm-none-eabi/7.3.1/../../../../arm-none-eabi/lib/thumb/v7e-m/fpv4-sp/hard/libc.a(lib_a-atexit.o)
                0x000000000800beb0                atexit
 .text.std      0x000000000800bebc       0x50 /home/shaydon/Ac6/SystemWorkbench/plugins/fr.ac6.mcu.externaltools.arm-none.linux64_1.17.0.201812190825/tools/compiler/bin/../lib/gcc/arm-none-eabi/7.3.1/../../../../arm-none-eabi/lib/thumb/v7e-m/fpv4-sp/hard/libc.a(lib_a-findfp.o)
 .text._cleanup_r
                0x000000000800bf0c        0xc /home/shaydon/Ac6/SystemWorkbench/plugins/fr.ac6.mcu.externaltools.arm-none.linux64_1.17.0.201812190825/tools/compiler/bin/../lib/gcc/arm-none-eabi/7.3.1/../../../../arm-none-eabi/lib/thumb/v7e-m/fpv4-sp/hard/libc.a(lib_a-findfp.o)
                0x000000000800bf0c                _cleanup_r
 .text.__sinit  0x000000000800bf18       0x58 /home/shaydon/Ac6/SystemWorkbench/plugins/fr.ac6.mcu.externaltools.arm-none.linux64_1.17.0.201812190825/tools/compiler/bin/../lib/gcc/arm-none-eabi/7.3.1/../../../../arm-none-eabi/lib/thumb/v7e-m/fpv4-sp/hard/libc.a(lib_a-findfp.o)
                0x000000000800bf18                __sinit
 .text.__sfp_lock_acquire
                0x000000000800bf70        0xc /home/shaydon/Ac6/SystemWorkbench/plugins/fr.ac6.mcu.externaltools.arm-none.linux64_1.17.0.201812190825/tools/compiler/bin/../lib/gcc/arm-none-eabi/7.3.1/../../../../arm-none-eabi/lib/thumb/v7e-m/fpv4-sp/hard/libc.a(lib_a-findfp.o)
                0x000000000800bf70                __sfp_lock_acquire
 .text.__sfp_lock_release
                0x000000000800bf7c        0xc /home/shaydon/Ac6/SystemWorkbench/plugins/fr.ac6.mcu.externaltools.arm-none.linux64_1.17.0.201812190825/tools/compiler/bin/../lib/gcc/arm-none-eabi/7.3.1/../../../../arm-none-eabi/lib/thumb/v7e-m/fpv4-sp/hard/libc.a(lib_a-findfp.o)
                0x000000000800bf7c                __sfp_lock_release
 .text.__libc_fini_array
                0x000000000800bf88       0x34 /home/shaydon/Ac6/SystemWorkbench/plugins/fr.ac6.mcu.externaltools.arm-none.linux64_1.17.0.201812190825/tools/compiler/bin/../lib/gcc/arm-none-eabi/7.3.1/../../../../arm-none-eabi/lib/thumb/v7e-m/fpv4-sp/hard/libc.a(lib_a-fini.o)
                0x000000000800bf88                __libc_fini_array
 .text.__sfvwrite_r
                0x000000000800bfbc      0x2fc /home/shaydon/Ac6/SystemWorkbench/plugins/fr.ac6.mcu.externaltools.arm-none.linux64_1.17.0.201812190825/tools/compiler/bin/../lib/gcc/arm-none-eabi/7.3.1/../../../../arm-none-eabi/lib/thumb/v7e-m/fpv4-sp/hard/libc.a(lib_a-fvwrite.o)
                0x000000000800bfbc                __sfvwrite_r
 .text._fwalk_reent
                0x000000000800c2b8       0x54 /home/shaydon/Ac6/SystemWorkbench/plugins/fr.ac6.mcu.externaltools.arm-none.linux64_1.17.0.201812190825/tools/compiler/bin/../lib/gcc/arm-none-eabi/7.3.1/../../../../arm-none-eabi/lib/thumb/v7e-m/fpv4-sp/hard/libc.a(lib_a-fwalk.o)
                0x000000000800c2b8                _fwalk_reent
 .text.__retarget_lock_init_recursive
                0x000000000800c30c        0x4 /home/shaydon/Ac6/SystemWorkbench/plugins/fr.ac6.mcu.externaltools.arm-none.linux64_1.17.0.201812190825/tools/compiler/bin/../lib/gcc/arm-none-eabi/7.3.1/../../../../arm-none-eabi/lib/thumb/v7e-m/fpv4-sp/hard/libc.a(lib_a-lock.o)
                0x000000000800c30c                __retarget_lock_init_recursive
 .text.__retarget_lock_close_recursive
                0x000000000800c310        0x4 /home/shaydon/Ac6/SystemWorkbench/plugins/fr.ac6.mcu.externaltools.arm-none.linux64_1.17.0.201812190825/tools/compiler/bin/../lib/gcc/arm-none-eabi/7.3.1/../../../../arm-none-eabi/lib/thumb/v7e-m/fpv4-sp/hard/libc.a(lib_a-lock.o)
                0x000000000800c310                __retarget_lock_close_recursive
 .text.__retarget_lock_acquire_recursive
                0x000000000800c314        0x4 /home/shaydon/Ac6/SystemWorkbench/plugins/fr.ac6.mcu.externaltools.arm-none.linux64_1.17.0.201812190825/tools/compiler/bin/../lib/gcc/arm-none-eabi/7.3.1/../../../../arm-none-eabi/lib/thumb/v7e-m/fpv4-sp/hard/libc.a(lib_a-lock.o)
                0x000000000800c314                __retarget_lock_acquire_recursive
 .text.__retarget_lock_release_recursive
                0x000000000800c318        0x4 /home/shaydon/Ac6/SystemWorkbench/plugins/fr.ac6.mcu.externaltools.arm-none.linux64_1.17.0.201812190825/tools/compiler/bin/../lib/gcc/arm-none-eabi/7.3.1/../../../../arm-none-eabi/lib/thumb/v7e-m/fpv4-sp/hard/libc.a(lib_a-lock.o)
                0x000000000800c318                __retarget_lock_release_recursive
 .text._malloc_r
                0x000000000800c31c      0x548 /home/shaydon/Ac6/SystemWorkbench/plugins/fr.ac6.mcu.externaltools.arm-none.linux64_1.17.0.201812190825/tools/compiler/bin/../lib/gcc/arm-none-eabi/7.3.1/../../../../arm-none-eabi/lib/thumb/v7e-m/fpv4-sp/hard/libc.a(lib_a-mallocr.o)
                0x000000000800c31c                _malloc_r
 .text.memmove  0x000000000800c864       0xc8 /home/shaydon/Ac6/SystemWorkbench/plugins/fr.ac6.mcu.externaltools.arm-none.linux64_1.17.0.201812190825/tools/compiler/bin/../lib/gcc/arm-none-eabi/7.3.1/../../../../arm-none-eabi/lib/thumb/v7e-m/fpv4-sp/hard/libc.a(lib_a-memmove.o)
                0x000000000800c864                memmove
 .text.__malloc_lock
                0x000000000800c92c        0xc /home/shaydon/Ac6/SystemWorkbench/plugins/fr.ac6.mcu.externaltools.arm-none.linux64_1.17.0.201812190825/tools/compiler/bin/../lib/gcc/arm-none-eabi/7.3.1/../../../../arm-none-eabi/lib/thumb/v7e-m/fpv4-sp/hard/libc.a(lib_a-mlock.o)
                0x000000000800c92c                __malloc_lock
 .text.__malloc_unlock
                0x000000000800c938        0xc /home/shaydon/Ac6/SystemWorkbench/plugins/fr.ac6.mcu.externaltools.arm-none.linux64_1.17.0.201812190825/tools/compiler/bin/../lib/gcc/arm-none-eabi/7.3.1/../../../../arm-none-eabi/lib/thumb/v7e-m/fpv4-sp/hard/libc.a(lib_a-mlock.o)
                0x000000000800c938                __malloc_unlock
 .text._realloc_r
                0x000000000800c944      0x35c /home/shaydon/Ac6/SystemWorkbench/plugins/fr.ac6.mcu.externaltools.arm-none.linux64_1.17.0.201812190825/tools/compiler/bin/../lib/gcc/arm-none-eabi/7.3.1/../../../../arm-none-eabi/lib/thumb/v7e-m/fpv4-sp/hard/libc.a(lib_a-reallocr.o)
                0x000000000800c944                _realloc_r
 .text._sbrk_r  0x000000000800cca0       0x24 /home/shaydon/Ac6/SystemWorkbench/plugins/fr.ac6.mcu.externaltools.arm-none.linux64_1.17.0.201812190825/tools/compiler/bin/../lib/gcc/arm-none-eabi/7.3.1/../../../../arm-none-eabi/lib/thumb/v7e-m/fpv4-sp/hard/libc.a(lib_a-sbrkr.o)
                0x000000000800cca0                _sbrk_r
 .text.__sread  0x000000000800ccc4       0x24 /home/shaydon/Ac6/SystemWorkbench/plugins/fr.ac6.mcu.externaltools.arm-none.linux64_1.17.0.201812190825/tools/compiler/bin/../lib/gcc/arm-none-eabi/7.3.1/../../../../arm-none-eabi/lib/thumb/v7e-m/fpv4-sp/hard/libc.a(lib_a-stdio.o)
                0x000000000800ccc4                __sread
 .text.__swrite
                0x000000000800cce8       0x3c /home/shaydon/Ac6/SystemWorkbench/plugins/fr.ac6.mcu.externaltools.arm-none.linux64_1.17.0.201812190825/tools/compiler/bin/../lib/gcc/arm-none-eabi/7.3.1/../../../../arm-none-eabi/lib/thumb/v7e-m/fpv4-sp/hard/libc.a(lib_a-stdio.o)
                0x000000000800cce8                __swrite
 .text.__sseek  0x000000000800cd24       0x20 /home/shaydon/Ac6/SystemWorkbench/plugins/fr.ac6.mcu.externaltools.arm-none.linux64_1.17.0.201812190825/tools/compiler/bin/../lib/gcc/arm-none-eabi/7.3.1/../../../../arm-none-eabi/lib/thumb/v7e-m/fpv4-sp/hard/libc.a(lib_a-stdio.o)
                0x000000000800cd24                __sseek
 .text.__sclose
                0x000000000800cd44        0x8 /home/shaydon/Ac6/SystemWorkbench/plugins/fr.ac6.mcu.externaltools.arm-none.linux64_1.17.0.201812190825/tools/compiler/bin/../lib/gcc/arm-none-eabi/7.3.1/../../../../arm-none-eabi/lib/thumb/v7e-m/fpv4-sp/hard/libc.a(lib_a-stdio.o)
                0x000000000800cd44                __sclose
 .text._write_r
                0x000000000800cd4c       0x2c /home/shaydon/Ac6/SystemWorkbench/plugins/fr.ac6.mcu.externaltools.arm-none.linux64_1.17.0.201812190825/tools/compiler/bin/../lib/gcc/arm-none-eabi/7.3.1/../../../../arm-none-eabi/lib/thumb/v7e-m/fpv4-sp/hard/libc.a(lib_a-writer.o)
                0x000000000800cd4c                _write_r
 .text.__swsetup_r
                0x000000000800cd78       0xcc /home/shaydon/Ac6/SystemWorkbench/plugins/fr.ac6.mcu.externaltools.arm-none.linux64_1.17.0.201812190825/tools/compiler/bin/../lib/gcc/arm-none-eabi/7.3.1/../../../../arm-none-eabi/lib/thumb/v7e-m/fpv4-sp/hard/libc.a(lib_a-wsetup.o)
                0x000000000800cd78                __swsetup_r
 .text.__register_exitproc
                0x000000000800ce44       0xc0 /home/shaydon/Ac6/SystemWorkbench/plugins/fr.ac6.mcu.externaltools.arm-none.linux64_1.17.0.201812190825/tools/compiler/bin/../lib/gcc/arm-none-eabi/7.3.1/../../../../arm-none-eabi/lib/thumb/v7e-m/fpv4-sp/hard/libc.a(lib_a-__atexit.o)
                0x000000000800ce44                __register_exitproc
 .text._close_r
                0x000000000800cf04       0x24 /home/shaydon/Ac6/SystemWorkbench/plugins/fr.ac6.mcu.externaltools.arm-none.linux64_1.17.0.201812190825/tools/compiler/bin/../lib/gcc/arm-none-eabi/7.3.1/../../../../arm-none-eabi/lib/thumb/v7e-m/fpv4-sp/hard/libc.a(lib_a-closer.o)
                0x000000000800cf04                _close_r
 .text._fclose_r
                0x000000000800cf28       0xd0 /home/shaydon/Ac6/SystemWorkbench/plugins/fr.ac6.mcu.externaltools.arm-none.linux64_1.17.0.201812190825/tools/compiler/bin/../lib/gcc/arm-none-eabi/7.3.1/../../../../arm-none-eabi/lib/thumb/v7e-m/fpv4-sp/hard/libc.a(lib_a-fclose.o)
                0x000000000800cf28                _fclose_r
 .text.__sflush_r
                0x000000000800cff8      0x154 /home/shaydon/Ac6/SystemWorkbench/plugins/fr.ac6.mcu.externaltools.arm-none.linux64_1.17.0.201812190825/tools/compiler/bin/../lib/gcc/arm-none-eabi/7.3.1/../../../../arm-none-eabi/lib/thumb/v7e-m/fpv4-sp/hard/libc.a(lib_a-fflush.o)
                0x000000000800cff8                __sflush_r
 .text._fflush_r
                0x000000000800d14c       0x5c /home/shaydon/Ac6/SystemWorkbench/plugins/fr.ac6.mcu.externaltools.arm-none.linux64_1.17.0.201812190825/tools/compiler/bin/../lib/gcc/arm-none-eabi/7.3.1/../../../../arm-none-eabi/lib/thumb/v7e-m/fpv4-sp/hard/libc.a(lib_a-fflush.o)
                0x000000000800d14c                _fflush_r
 .text._malloc_trim_r
                0x000000000800d1a8       0xa0 /home/shaydon/Ac6/SystemWorkbench/plugins/fr.ac6.mcu.externaltools.arm-none.linux64_1.17.0.201812190825/tools/compiler/bin/../lib/gcc/arm-none-eabi/7.3.1/../../../../arm-none-eabi/lib/thumb/v7e-m/fpv4-sp/hard/libc.a(lib_a-freer.o)
                0x000000000800d1a8                _malloc_trim_r
 .text._free_r  0x000000000800d248      0x1e8 /home/shaydon/Ac6/SystemWorkbench/plugins/fr.ac6.mcu.externaltools.arm-none.linux64_1.17.0.201812190825/tools/compiler/bin/../lib/gcc/arm-none-eabi/7.3.1/../../../../arm-none-eabi/lib/thumb/v7e-m/fpv4-sp/hard/libc.a(lib_a-freer.o)
                0x000000000800d248                _free_r
 .text._lseek_r
                0x000000000800d430       0x2c /home/shaydon/Ac6/SystemWorkbench/plugins/fr.ac6.mcu.externaltools.arm-none.linux64_1.17.0.201812190825/tools/compiler/bin/../lib/gcc/arm-none-eabi/7.3.1/../../../../arm-none-eabi/lib/thumb/v7e-m/fpv4-sp/hard/libc.a(lib_a-lseekr.o)
                0x000000000800d430                _lseek_r
 .text.__swhatbuf_r
                0x000000000800d45c       0x5c /home/shaydon/Ac6/SystemWorkbench/plugins/fr.ac6.mcu.externaltools.arm-none.linux64_1.17.0.201812190825/tools/compiler/bin/../lib/gcc/arm-none-eabi/7.3.1/../../../../arm-none-eabi/lib/thumb/v7e-m/fpv4-sp/hard/libc.a(lib_a-makebuf.o)
                0x000000000800d45c                __swhatbuf_r
 .text.__smakebuf_r
                0x000000000800d4b8       0x94 /home/shaydon/Ac6/SystemWorkbench/plugins/fr.ac6.mcu.externaltools.arm-none.linux64_1.17.0.201812190825/tools/compiler/bin/../lib/gcc/arm-none-eabi/7.3.1/../../../../arm-none-eabi/lib/thumb/v7e-m/fpv4-sp/hard/libc.a(lib_a-makebuf.o)
                0x000000000800d4b8                __smakebuf_r
 .text._read_r  0x000000000800d54c       0x2c /home/shaydon/Ac6/SystemWorkbench/plugins/fr.ac6.mcu.externaltools.arm-none.linux64_1.17.0.201812190825/tools/compiler/bin/../lib/gcc/arm-none-eabi/7.3.1/../../../../arm-none-eabi/lib/thumb/v7e-m/fpv4-sp/hard/libc.a(lib_a-readr.o)
                0x000000000800d54c                _read_r
 .text._fstat_r
                0x000000000800d578       0x28 /home/shaydon/Ac6/SystemWorkbench/plugins/fr.ac6.mcu.externaltools.arm-none.linux64_1.17.0.201812190825/tools/compiler/bin/../lib/gcc/arm-none-eabi/7.3.1/../../../../arm-none-eabi/lib/thumb/v7e-m/fpv4-sp/hard/libc.a(lib_a-fstatr.o)
                0x000000000800d578                _fstat_r
 .text._isatty_r
                0x000000000800d5a0       0x24 /home/shaydon/Ac6/SystemWorkbench/plugins/fr.ac6.mcu.externaltools.arm-none.linux64_1.17.0.201812190825/tools/compiler/bin/../lib/gcc/arm-none-eabi/7.3.1/../../../../arm-none-eabi/lib/thumb/v7e-m/fpv4-sp/hard/libc.a(lib_a-isattyr.o)
                0x000000000800d5a0                _isatty_r
 *(.glue_7)
 .glue_7        0x000000000800d5c4        0x0 linker stubs
 *(.glue_7t)
 .glue_7t       0x000000000800d5c4        0x0 linker stubs
 *(.eh_frame)
 .eh_frame      0x000000000800d5c4        0x0 /home/shaydon/Ac6/SystemWorkbench/plugins/fr.ac6.mcu.externaltools.arm-none.linux64_1.17.0.201812190825/tools/compiler/bin/../lib/gcc/arm-none-eabi/7.3.1/thumb/v7e-m/fpv4-sp/hard/crtbegin.o
 *(.init)
 .init          0x000000000800d5c4        0x4 /home/shaydon/Ac6/SystemWorkbench/plugins/fr.ac6.mcu.externaltools.arm-none.linux64_1.17.0.201812190825/tools/compiler/bin/../lib/gcc/arm-none-eabi/7.3.1/thumb/v7e-m/fpv4-sp/hard/crti.o
                0x000000000800d5c4                _init
 .init          0x000000000800d5c8        0x8 /home/shaydon/Ac6/SystemWorkbench/plugins/fr.ac6.mcu.externaltools.arm-none.linux64_1.17.0.201812190825/tools/compiler/bin/../lib/gcc/arm-none-eabi/7.3.1/thumb/v7e-m/fpv4-sp/hard/crtn.o
 *(.fini)
 .fini          0x000000000800d5d0        0x4 /home/shaydon/Ac6/SystemWorkbench/plugins/fr.ac6.mcu.externaltools.arm-none.linux64_1.17.0.201812190825/tools/compiler/bin/../lib/gcc/arm-none-eabi/7.3.1/thumb/v7e-m/fpv4-sp/hard/crti.o
                0x000000000800d5d0                _fini
 .fini          0x000000000800d5d4        0x8 /home/shaydon/Ac6/SystemWorkbench/plugins/fr.ac6.mcu.externaltools.arm-none.linux64_1.17.0.201812190825/tools/compiler/bin/../lib/gcc/arm-none-eabi/7.3.1/thumb/v7e-m/fpv4-sp/hard/crtn.o
                0x000000000800d5e0                . = ALIGN (0x8)
 *fill*         0x000000000800d5dc        0x4 
                0x000000000800d5e0                _etext = .

.vfp11_veneer   0x000000000800d5e0        0x0
 .vfp11_veneer  0x000000000800d5e0        0x0 linker stubs

.v4_bx          0x000000000800d5e0        0x0
 .v4_bx         0x000000000800d5e0        0x0 linker stubs

.iplt           0x000000000800d5e0        0x0
 .iplt          0x000000000800d5e0        0x0 /home/shaydon/Ac6/SystemWorkbench/plugins/fr.ac6.mcu.externaltools.arm-none.linux64_1.17.0.201812190825/tools/compiler/bin/../lib/gcc/arm-none-eabi/7.3.1/thumb/v7e-m/fpv4-sp/hard/crtbegin.o

.rodata         0x000000000800d5e0      0x718
                0x000000000800d5e0                . = ALIGN (0x8)
 *(.rodata)
 .rodata        0x000000000800d5e0        0x5 Middlewares/Third_Party/FreeRTOS/Source/tasks.o
 *fill*         0x000000000800d5e5        0x3 
 .rodata        0x000000000800d5e8       0x31 src/main.o
 *fill*         0x000000000800d619        0x3 
 .rodata        0x000000000800d61c       0x2a src/out.o
 *fill*         0x000000000800d646        0x2 
 .rodata        0x000000000800d648       0x8c src/sensor.o
 .rodata        0x000000000800d6d4       0x48 src/system_stm32l4xx.o
                0x000000000800d6d4                AHBPrescTable
                0x000000000800d6e4                APBPrescTable
                0x000000000800d6ec                MSIRangeTable
 .rodata        0x000000000800d71c      0x4a2 src/vl53l0x_api_strings.o
 *fill*         0x000000000800dbbe        0x2 
 .rodata        0x000000000800dbc0      0x12f src/vl53l0x_tof.o
 *(.rodata*)
 *fill*         0x000000000800dcef        0x1 
 .rodata._global_impure_ptr
                0x000000000800dcf0        0x4 /home/shaydon/Ac6/SystemWorkbench/plugins/fr.ac6.mcu.externaltools.arm-none.linux64_1.17.0.201812190825/tools/compiler/bin/../lib/gcc/arm-none-eabi/7.3.1/../../../../arm-none-eabi/lib/thumb/v7e-m/fpv4-sp/hard/libc.a(lib_a-impure.o)
                0x000000000800dcf0                _global_impure_ptr
 .rodata._puts_r.str1.4
                0x000000000800dcf4        0x4 /home/shaydon/Ac6/SystemWorkbench/plugins/fr.ac6.mcu.externaltools.arm-none.linux64_1.17.0.201812190825/tools/compiler/bin/../lib/gcc/arm-none-eabi/7.3.1/../../../../arm-none-eabi/lib/thumb/v7e-m/fpv4-sp/hard/libc.a(lib_a-puts.o)
                                          0x2 (size before relaxing)
                0x000000000800dcf8                . = ALIGN (0x8)

.ARM.extab      0x000000000800dcf8        0x0
                0x000000000800dcf8                . = ALIGN (0x8)
 *(.ARM.extab* .gnu.linkonce.armextab.*)
                0x000000000800dcf8                . = ALIGN (0x8)

.ARM            0x000000000800dcf8        0x8
                0x000000000800dcf8                . = ALIGN (0x8)
                0x000000000800dcf8                __exidx_start = .
 *(.ARM.exidx*)
 .ARM.exidx     0x000000000800dcf8        0x8 /home/shaydon/Ac6/SystemWorkbench/plugins/fr.ac6.mcu.externaltools.arm-none.linux64_1.17.0.201812190825/tools/compiler/bin/../lib/gcc/arm-none-eabi/7.3.1/thumb/v7e-m/fpv4-sp/hard/libgcc.a(_udivmoddi4.o)
                0x000000000800dd00                __exidx_end = .
                0x000000000800dd00                . = ALIGN (0x8)

.rel.dyn        0x000000000800dd00        0x0
 .rel.iplt      0x000000000800dd00        0x0 /home/shaydon/Ac6/SystemWorkbench/plugins/fr.ac6.mcu.externaltools.arm-none.linux64_1.17.0.201812190825/tools/compiler/bin/../lib/gcc/arm-none-eabi/7.3.1/thumb/v7e-m/fpv4-sp/hard/crtbegin.o

.preinit_array  0x000000000800dd00        0x0
                0x000000000800dd00                . = ALIGN (0x8)
                0x000000000800dd00                PROVIDE (__preinit_array_start = .)
 *(.preinit_array*)
                0x000000000800dd00                PROVIDE (__preinit_array_end = .)
                0x000000000800dd00                . = ALIGN (0x8)

.init_array     0x000000000800dd00        0x8
                0x000000000800dd00                . = ALIGN (0x8)
                0x000000000800dd00                PROVIDE (__init_array_start = .)
 *(SORT_BY_NAME(.init_array.*))
 .init_array.00000
                0x000000000800dd00        0x4 /home/shaydon/Ac6/SystemWorkbench/plugins/fr.ac6.mcu.externaltools.arm-none.linux64_1.17.0.201812190825/tools/compiler/bin/../lib/gcc/arm-none-eabi/7.3.1/../../../../arm-none-eabi/lib/thumb/v7e-m/fpv4-sp/hard/libc.a(lib_a-__call_atexit.o)
 *(.init_array*)
 .init_array    0x000000000800dd04        0x4 /home/shaydon/Ac6/SystemWorkbench/plugins/fr.ac6.mcu.externaltools.arm-none.linux64_1.17.0.201812190825/tools/compiler/bin/../lib/gcc/arm-none-eabi/7.3.1/thumb/v7e-m/fpv4-sp/hard/crtbegin.o
                0x000000000800dd08                PROVIDE (__init_array_end = .)
                0x000000000800dd08                . = ALIGN (0x8)

.fini_array     0x000000000800dd08        0x8
                0x000000000800dd08                . = ALIGN (0x8)
                0x000000000800dd08                PROVIDE (__fini_array_start = .)
 *(SORT_BY_NAME(.fini_array.*))
 *(.fini_array*)
 .fini_array    0x000000000800dd08        0x4 /home/shaydon/Ac6/SystemWorkbench/plugins/fr.ac6.mcu.externaltools.arm-none.linux64_1.17.0.201812190825/tools/compiler/bin/../lib/gcc/arm-none-eabi/7.3.1/thumb/v7e-m/fpv4-sp/hard/crtbegin.o
                0x000000000800dd0c                PROVIDE (__fini_array_end = .)
                0x000000000800dd10                . = ALIGN (0x8)
 *fill*         0x000000000800dd0c        0x4 
                0x000000000800dd10                _sidata = LOADADDR (.data)

.data           0x0000000020000000      0xcc8 load address 0x000000000800dd10
                0x0000000020000000                . = ALIGN (0x8)
                0x0000000020000000                _sdata = .
 *(.data)
 .data          0x0000000020000000        0x4 Middlewares/Third_Party/FreeRTOS/Source/portable/GCC/ARM_CM4F/port.o
 .data          0x0000000020000004        0x4 src/led.o
 .data          0x0000000020000008      0x188 src/sensor.o
 .data          0x0000000020000190        0x4 src/system_stm32l4xx.o
                0x0000000020000190                SystemCoreClock
 .data          0x0000000020000194      0x2aa src/vl53l0x_api.o
                0x0000000020000194                DefaultTuningSettings
                0x0000000020000288                InterruptThresholdSettings
 *fill*         0x000000002000043e        0x2 
 .data          0x0000000020000440       0x10 src/vl53l0x_api_calibration.o
                0x0000000020000440                refArrayQuadrants
 .data          0x0000000020000450       0x14 /home/shaydon/projects/stm32_workspace/b-l475e-iot01a1_hal_lib/Debug/libb-l475e-iot01a1_hal_lib.a(stm32l475e_iot01.o)
                0x0000000020000450                GPIO_PORT
                0x0000000020000454                BUTTON_PORT
                0x0000000020000458                COM_USART
                0x000000002000045c                COM_TX_PORT
                0x0000000020000460                COM_RX_PORT
 .data          0x0000000020000464       0x1c /home/shaydon/projects/stm32_workspace/b-l475e-iot01a1_hal_lib/Debug/libb-l475e-iot01a1_hal_lib.a(hts221.o)
                0x0000000020000464                HTS221_H_Drv
                0x0000000020000470                HTS221_T_Drv
 *(.data*)
 .data._impure_ptr
                0x0000000020000480        0x4 /home/shaydon/Ac6/SystemWorkbench/plugins/fr.ac6.mcu.externaltools.arm-none.linux64_1.17.0.201812190825/tools/compiler/bin/../lib/gcc/arm-none-eabi/7.3.1/../../../../arm-none-eabi/lib/thumb/v7e-m/fpv4-sp/hard/libc.a(lib_a-impure.o)
                0x0000000020000480                _impure_ptr
 *fill*         0x0000000020000484        0x4 
 .data.impure_data
                0x0000000020000488      0x428 /home/shaydon/Ac6/SystemWorkbench/plugins/fr.ac6.mcu.externaltools.arm-none.linux64_1.17.0.201812190825/tools/compiler/bin/../lib/gcc/arm-none-eabi/7.3.1/../../../../arm-none-eabi/lib/thumb/v7e-m/fpv4-sp/hard/libc.a(lib_a-impure.o)
 .data.__atexit_recursive_mutex
                0x00000000200008b0        0x4 /home/shaydon/Ac6/SystemWorkbench/plugins/fr.ac6.mcu.externaltools.arm-none.linux64_1.17.0.201812190825/tools/compiler/bin/../lib/gcc/arm-none-eabi/7.3.1/../../../../arm-none-eabi/lib/thumb/v7e-m/fpv4-sp/hard/libc.a(lib_a-__call_atexit.o)
                0x00000000200008b0                __atexit_recursive_mutex
 .data.__malloc_av_
                0x00000000200008b4      0x408 /home/shaydon/Ac6/SystemWorkbench/plugins/fr.ac6.mcu.externaltools.arm-none.linux64_1.17.0.201812190825/tools/compiler/bin/../lib/gcc/arm-none-eabi/7.3.1/../../../../arm-none-eabi/lib/thumb/v7e-m/fpv4-sp/hard/libc.a(lib_a-mallocr.o)
                0x00000000200008b4                __malloc_av_
 .data.__malloc_sbrk_base
                0x0000000020000cbc        0x4 /home/shaydon/Ac6/SystemWorkbench/plugins/fr.ac6.mcu.externaltools.arm-none.linux64_1.17.0.201812190825/tools/compiler/bin/../lib/gcc/arm-none-eabi/7.3.1/../../../../arm-none-eabi/lib/thumb/v7e-m/fpv4-sp/hard/libc.a(lib_a-mallocr.o)
                0x0000000020000cbc                __malloc_sbrk_base
 .data.__malloc_trim_threshold
                0x0000000020000cc0        0x4 /home/shaydon/Ac6/SystemWorkbench/plugins/fr.ac6.mcu.externaltools.arm-none.linux64_1.17.0.201812190825/tools/compiler/bin/../lib/gcc/arm-none-eabi/7.3.1/../../../../arm-none-eabi/lib/thumb/v7e-m/fpv4-sp/hard/libc.a(lib_a-mallocr.o)
                0x0000000020000cc0                __malloc_trim_threshold
                0x0000000020000cc8                . = ALIGN (0x8)
 *fill*         0x0000000020000cc4        0x4 
                0x0000000020000cc8                _edata = .

.igot.plt       0x0000000020000cc8        0x0 load address 0x000000000800e9d8
 .igot.plt      0x0000000020000cc8        0x0 /home/shaydon/Ac6/SystemWorkbench/plugins/fr.ac6.mcu.externaltools.arm-none.linux64_1.17.0.201812190825/tools/compiler/bin/../lib/gcc/arm-none-eabi/7.3.1/thumb/v7e-m/fpv4-sp/hard/crtbegin.o
                0x0000000020000cc8                . = ALIGN (0x4)

.bss            0x0000000020000cc8     0x5308 load address 0x000000000800e9d8
                0x0000000020000cc8                _sbss = .
                0x0000000020000cc8                __bss_start__ = _sbss
 *(.bss)
 .bss           0x0000000020000cc8       0x1c /home/shaydon/Ac6/SystemWorkbench/plugins/fr.ac6.mcu.externaltools.arm-none.linux64_1.17.0.201812190825/tools/compiler/bin/../lib/gcc/arm-none-eabi/7.3.1/thumb/v7e-m/fpv4-sp/hard/crtbegin.o
 .bss           0x0000000020000ce4      0x12c Middlewares/Third_Party/FreeRTOS/Source/tasks.o
                0x0000000020000ce4                pxCurrentTCB
 .bss           0x0000000020000e10        0x8 Middlewares/Third_Party/FreeRTOS/Source/portable/GCC/ARM_CM4F/port.o
 .bss           0x0000000020000e18     0x5018 Middlewares/Third_Party/FreeRTOS/Source/portable/MemMang/heap_4.o
 .bss           0x0000000020005e30        0x8 src/btn.o
 .bss           0x0000000020005e38       0x1c src/eprintf.o
 .bss           0x0000000020005e54        0x8 src/syscalls.o
                0x0000000020005e54                __env
 .bss           0x0000000020005e5c        0x4 /home/shaydon/projects/stm32_workspace/b-l475e-iot01a1_hal_lib/Debug/libb-l475e-iot01a1_hal_lib.a(stm32l475e_iot01_hsensor.o)
 .bss           0x0000000020005e60        0x4 /home/shaydon/projects/stm32_workspace/b-l475e-iot01a1_hal_lib/Debug/libb-l475e-iot01a1_hal_lib.a(stm32l475e_iot01_tsensor.o)
 *(.bss*)
 .bss.__malloc_current_mallinfo
                0x0000000020005e64       0x28 /home/shaydon/Ac6/SystemWorkbench/plugins/fr.ac6.mcu.externaltools.arm-none.linux64_1.17.0.201812190825/tools/compiler/bin/../lib/gcc/arm-none-eabi/7.3.1/../../../../arm-none-eabi/lib/thumb/v7e-m/fpv4-sp/hard/libc.a(lib_a-mallocr.o)
                0x0000000020005e64                __malloc_current_mallinfo
 .bss.__malloc_max_sbrked_mem
                0x0000000020005e8c        0x4 /home/shaydon/Ac6/SystemWorkbench/plugins/fr.ac6.mcu.externaltools.arm-none.linux64_1.17.0.201812190825/tools/compiler/bin/../lib/gcc/arm-none-eabi/7.3.1/../../../../arm-none-eabi/lib/thumb/v7e-m/fpv4-sp/hard/libc.a(lib_a-mallocr.o)
                0x0000000020005e8c                __malloc_max_sbrked_mem
 .bss.__malloc_max_total_mem
                0x0000000020005e90        0x4 /home/shaydon/Ac6/SystemWorkbench/plugins/fr.ac6.mcu.externaltools.arm-none.linux64_1.17.0.201812190825/tools/compiler/bin/../lib/gcc/arm-none-eabi/7.3.1/../../../../arm-none-eabi/lib/thumb/v7e-m/fpv4-sp/hard/libc.a(lib_a-mallocr.o)
                0x0000000020005e90                __malloc_max_total_mem
 .bss.__malloc_top_pad
                0x0000000020005e94        0x4 /home/shaydon/Ac6/SystemWorkbench/plugins/fr.ac6.mcu.externaltools.arm-none.linux64_1.17.0.201812190825/tools/compiler/bin/../lib/gcc/arm-none-eabi/7.3.1/../../../../arm-none-eabi/lib/thumb/v7e-m/fpv4-sp/hard/libc.a(lib_a-mallocr.o)
                0x0000000020005e94                __malloc_top_pad
 *(COMMON)
 COMMON         0x0000000020005e98        0x8 src/main.o
                0x0000000020005e98                SensorQueue
                0x0000000020005e9c                BtnSemaphore
 COMMON         0x0000000020005ea0       0x40 src/vl53l0x_tof.o
                0x0000000020005ea0                _I2CBuffer
 COMMON         0x0000000020005ee0        0x4 /home/shaydon/projects/stm32_workspace/b-l475e-iot01a1_hal_lib/Debug/libb-l475e-iot01a1_hal_lib.a(stm32l4xx_hal.o)
                0x0000000020005ee0                uwTick
 COMMON         0x0000000020005ee4       0xc4 /home/shaydon/projects/stm32_workspace/b-l475e-iot01a1_hal_lib/Debug/libb-l475e-iot01a1_hal_lib.a(stm32l475e_iot01.o)
                0x0000000020005ee4                hDiscoUart
                0x0000000020005f5c                hI2cHandler
 COMMON         0x0000000020005fa8       0x21 /home/shaydon/Ac6/SystemWorkbench/plugins/fr.ac6.mcu.externaltools.arm-none.linux64_1.17.0.201812190825/tools/compiler/bin/../lib/gcc/arm-none-eabi/7.3.1/../../../../arm-none-eabi/lib/thumb/v7e-m/fpv4-sp/hard/libc.a(lib_a-lock.o)
                0x0000000020005fa8                __lock___atexit_recursive_mutex
                0x0000000020005fac                __lock___arc4random_mutex
                0x0000000020005fb0                __lock___env_recursive_mutex
                0x0000000020005fb4                __lock___sinit_recursive_mutex
                0x0000000020005fb8                __lock___malloc_recursive_mutex
                0x0000000020005fbc                __lock___at_quick_exit_mutex
                0x0000000020005fc0                __lock___dd_hash_mutex
                0x0000000020005fc4                __lock___tz_mutex
                0x0000000020005fc8                __lock___sfp_recursive_mutex
 *fill*         0x0000000020005fc9        0x3 
 COMMON         0x0000000020005fcc        0x4 /home/shaydon/Ac6/SystemWorkbench/plugins/fr.ac6.mcu.externaltools.arm-none.linux64_1.17.0.201812190825/tools/compiler/bin/../lib/gcc/arm-none-eabi/7.3.1/../../../../arm-none-eabi/lib/thumb/v7e-m/fpv4-sp/hard/libc.a(lib_a-reent.o)
                0x0000000020005fcc                errno
                0x0000000020005fd0                . = ALIGN (0x4)
                0x0000000020005fd0                _ebss = .
                0x0000000020005fd0                __bss_end__ = _ebss

._user_heap_stack
                0x0000000020005fd0      0x600 load address 0x000000000800e9d8
                0x0000000020005fd0                . = ALIGN (0x8)
                0x0000000020005fd0                PROVIDE (end = .)
                [!provide]                        PROVIDE (_end = .)
                0x00000000200061d0                . = (. + _Min_Heap_Size)
 *fill*         0x0000000020005fd0      0x200 
                0x00000000200065d0                . = (. + _Min_Stack_Size)
 *fill*         0x00000000200061d0      0x400 
                0x00000000200065d0                . = ALIGN (0x8)

/DISCARD/
 libc.a(*)
 libm.a(*)
 libgcc.a(*)

.ARM.attributes
                0x0000000000000000       0x30
 *(.ARM.attributes)
 .ARM.attributes
                0x0000000000000000       0x22 /home/shaydon/Ac6/SystemWorkbench/plugins/fr.ac6.mcu.externaltools.arm-none.linux64_1.17.0.201812190825/tools/compiler/bin/../lib/gcc/arm-none-eabi/7.3.1/thumb/v7e-m/fpv4-sp/hard/crti.o
 .ARM.attributes
                0x0000000000000022       0x34 /home/shaydon/Ac6/SystemWorkbench/plugins/fr.ac6.mcu.externaltools.arm-none.linux64_1.17.0.201812190825/tools/compiler/bin/../lib/gcc/arm-none-eabi/7.3.1/thumb/v7e-m/fpv4-sp/hard/crtbegin.o
 .ARM.attributes
                0x0000000000000056       0x39 Middlewares/Third_Party/FreeRTOS/Source/CMSIS_RTOS/cmsis_os.o
 .ARM.attributes
                0x000000000000008f       0x39 Middlewares/Third_Party/FreeRTOS/Source/list.o
 .ARM.attributes
                0x00000000000000c8       0x39 Middlewares/Third_Party/FreeRTOS/Source/queue.o
 .ARM.attributes
                0x0000000000000101       0x39 Middlewares/Third_Party/FreeRTOS/Source/tasks.o
 .ARM.attributes
                0x000000000000013a       0x39 Middlewares/Third_Party/FreeRTOS/Source/portable/GCC/ARM_CM4F/port.o
 .ARM.attributes